[1/13] Building CXX object CMakeFiles/Pac-Man.dir/Entities/AI/AIUtils.cpp.obj
FAILED: [code=1] CMakeFiles/Pac-Man.dir/Entities/AI/AIUtils.cpp.obj 
C:\stuff\mSYS2\mingw64\bin\g++.exe  -ID:/PRG/Pac-man/src/SDL_Lib/include -ID:/PRG/Pac-man/src/TTF_Lib/include -ID:/PRG/Pac-man/src/SDL_Image/include -std=c++17 -Wall -Wextra -Wpedantic -MD -MT CMakeFiles/Pac-Man.dir/Entities/AI/AIUtils.cpp.obj -MF CMakeFiles\Pac-Man.dir\Entities\AI\AIUtils.cpp.obj.d -o CMakeFiles/Pac-Man.dir/Entities/AI/AIUtils.cpp.obj -c D:/PRG/Pac-man/Entities/AI/AIUtils.cpp
In file included from D:/PRG/Pac-man/Entities/AI/AIUtils.h:9,
                 from D:/PRG/Pac-man/Entities/AI/AIUtils.cpp:1:
D:/PRG/Pac-man/Entities/EntityManager.h:81:61: error: 'EntityType' has not been declared; did you mean 'EnemyType'?
   81 |     void AddStaticEntity(int x, int y, Direction direction, EntityType entityType, std::unique_ptr<Node> behaviorTree);
      |                                                             ^~~~~~~~~~
      |                                                             EnemyType
[2/13] Building CXX object CMakeFiles/Pac-Man.dir/Entities/Actor.cpp.obj
FAILED: [code=1] CMakeFiles/Pac-Man.dir/Entities/Actor.cpp.obj 
C:\stuff\mSYS2\mingw64\bin\g++.exe  -ID:/PRG/Pac-man/src/SDL_Lib/include -ID:/PRG/Pac-man/src/TTF_Lib/include -ID:/PRG/Pac-man/src/SDL_Image/include -std=c++17 -Wall -Wextra -Wpedantic -MD -MT CMakeFiles/Pac-Man.dir/Entities/Actor.cpp.obj -MF CMakeFiles\Pac-Man.dir\Entities\Actor.cpp.obj.d -o CMakeFiles/Pac-Man.dir/Entities/Actor.cpp.obj -c D:/PRG/Pac-man/Entities/Actor.cpp
In file included from D:/PRG/Pac-man/Entities/AI/BehaviorTree.h:13,
                 from D:/PRG/Pac-man/Entities/Actor.cpp:4:
D:/PRG/Pac-man/Entities/EntityManager.h:81:61: error: 'EntityType' has not been declared; did you mean 'EnemyType'?
   81 |     void AddStaticEntity(int x, int y, Direction direction, EntityType entityType, std::unique_ptr<Node> behaviorTree);
      |                                                             ^~~~~~~~~~
      |                                                             EnemyType
D:/PRG/Pac-man/Entities/AI/BehaviorTree.h: In member function 'virtual NodeStatus FindTarget::Tick(int, const PositionComponent&, MovementComponent&, AIComponent&, const TypeComponent&, StaticEntityComponent&, Blackboard&)':
D:/PRG/Pac-man/Entities/AI/BehaviorTree.h:84:25: warning: unused parameter 'entityID' [-Wunused-parameter]
   84 |     NodeStatus Tick(int entityID, const PositionComponent& position, MovementComponent& movement, AIComponent &Ai, const TypeComponent& type, StaticEntityComponent& staticComp, Blackboard& bb) override {
      |                     ~~~~^~~~~~~~
D:/PRG/Pac-man/Entities/AI/BehaviorTree.h:84:112: warning: unused parameter 'Ai' [-Wunused-parameter]
   84 |     NodeStatus Tick(int entityID, const PositionComponent& position, MovementComponent& movement, AIComponent &Ai, const TypeComponent& type, StaticEntityComponent& staticComp, Blackboard& bb) override {
      |                                                                                                   ~~~~~~~~~~~~~^~
D:/PRG/Pac-man/Entities/AI/BehaviorTree.h:84:137: warning: unused parameter 'type' [-Wunused-parameter]
   84 |     NodeStatus Tick(int entityID, const PositionComponent& position, MovementComponent& movement, AIComponent &Ai, const TypeComponent& type, StaticEntityComponent& staticComp, Blackboard& bb) override {
      |                                                                                                                    ~~~~~~~~~~~~~~~~~~~~~^~~~
D:/PRG/Pac-man/Entities/AI/BehaviorTree.h:84:166: warning: unused parameter 'staticComp' [-Wunused-parameter]
   84 |     NodeStatus Tick(int entityID, const PositionComponent& position, MovementComponent& movement, AIComponent &Ai, const TypeComponent& type, StaticEntityComponent& staticComp, Blackboard& bb) override {
      |                                                                                                                                               ~~~~~~~~~~~~~~~~~~~~~~~^~~~~~~~~~
D:/PRG/Pac-man/Entities/AI/BehaviorTree.h: In member function 'virtual NodeStatus FindPathNode::Tick(int, const PositionComponent&, MovementComponent&, AIComponent&, const TypeComponent&, StaticEntityComponent&, Blackboard&)':
D:/PRG/Pac-man/Entities/AI/BehaviorTree.h:123:25: warning: unused parameter 'entityID' [-Wunused-parameter]
  123 |     NodeStatus Tick(int entityID, const PositionComponent& position, MovementComponent& movement, AIComponent &Ai, const TypeComponent& type, StaticEntityComponent& staticComp, Blackboard& bb) override {
      |                     ~~~~^~~~~~~~
D:/PRG/Pac-man/Entities/AI/BehaviorTree.h:123:137: warning: unused parameter 'type' [-Wunused-parameter]
  123 |     NodeStatus Tick(int entityID, const PositionComponent& position, MovementComponent& movement, AIComponent &Ai, const TypeComponent& type, StaticEntityComponent& staticComp, Blackboard& bb) override {
      |                                                                                                                    ~~~~~~~~~~~~~~~~~~~~~^~~~
D:/PRG/Pac-man/Entities/AI/BehaviorTree.h:123:166: warning: unused parameter 'staticComp' [-Wunused-parameter]
  123 |     NodeStatus Tick(int entityID, const PositionComponent& position, MovementComponent& movement, AIComponent &Ai, const TypeComponent& type, StaticEntityComponent& staticComp, Blackboard& bb) override {
      |                                                                                                                                               ~~~~~~~~~~~~~~~~~~~~~~~^~~~~~~~~~
D:/PRG/Pac-man/Entities/AI/BehaviorTree.h: In member function 'virtual NodeStatus JunctionDesitionNode::Tick(int, const PositionComponent&, MovementComponent&, AIComponent&, const TypeComponent&, StaticEntityComponent&, Blackboard&)':
D:/PRG/Pac-man/Entities/AI/BehaviorTree.h:152:25: warning: unused parameter 'entityID' [-Wunused-parameter]
  152 |     NodeStatus Tick(int entityID, const PositionComponent& position, MovementComponent& movement, AIComponent &Ai, const TypeComponent& type, StaticEntityComponent& staticComp, Blackboard& bb) override {
      |                     ~~~~^~~~~~~~
D:/PRG/Pac-man/Entities/AI/BehaviorTree.h:152:137: warning: unused parameter 'type' [-Wunused-parameter]
  152 |     NodeStatus Tick(int entityID, const PositionComponent& position, MovementComponent& movement, AIComponent &Ai, const TypeComponent& type, StaticEntityComponent& staticComp, Blackboard& bb) override {
      |                                                                                                                    ~~~~~~~~~~~~~~~~~~~~~^~~~
D:/PRG/Pac-man/Entities/AI/BehaviorTree.h:152:166: warning: unused parameter 'staticComp' [-Wunused-parameter]
  152 |     NodeStatus Tick(int entityID, const PositionComponent& position, MovementComponent& movement, AIComponent &Ai, const TypeComponent& type, StaticEntityComponent& staticComp, Blackboard& bb) override {
      |                                                                                                                                               ~~~~~~~~~~~~~~~~~~~~~~~^~~~~~~~~~
D:/PRG/Pac-man/Entities/AI/BehaviorTree.h: In member function 'virtual NodeStatus PredictPlayersTurn::Tick(int, const PositionComponent&, MovementComponent&, AIComponent&, const TypeComponent&, StaticEntityComponent&, Blackboard&)':
D:/PRG/Pac-man/Entities/AI/BehaviorTree.h:235:25: warning: unused parameter 'entityID' [-Wunused-parameter]
  235 |     NodeStatus Tick(int entityID, const PositionComponent& position, MovementComponent& movement, AIComponent &Ai, const TypeComponent& type, StaticEntityComponent& staticComp, Blackboard& bb) override {
      |                     ~~~~^~~~~~~~
D:/PRG/Pac-man/Entities/AI/BehaviorTree.h:235:112: warning: unused parameter 'Ai' [-Wunused-parameter]
  235 |     NodeStatus Tick(int entityID, const PositionComponent& position, MovementComponent& movement, AIComponent &Ai, const TypeComponent& type, StaticEntityComponent& staticComp, Blackboard& bb) override {
      |                                                                                                   ~~~~~~~~~~~~~^~
D:/PRG/Pac-man/Entities/AI/BehaviorTree.h:235:137: warning: unused parameter 'type' [-Wunused-parameter]
  235 |     NodeStatus Tick(int entityID, const PositionComponent& position, MovementComponent& movement, AIComponent &Ai, const TypeComponent& type, StaticEntityComponent& staticComp, Blackboard& bb) override {
      |                                                                                                                    ~~~~~~~~~~~~~~~~~~~~~^~~~
D:/PRG/Pac-man/Entities/AI/BehaviorTree.h:235:166: warning: unused parameter 'staticComp' [-Wunused-parameter]
  235 |     NodeStatus Tick(int entityID, const PositionComponent& position, MovementComponent& movement, AIComponent &Ai, const TypeComponent& type, StaticEntityComponent& staticComp, Blackboard& bb) override {
      |                                                                                                                                               ~~~~~~~~~~~~~~~~~~~~~~~^~~~~~~~~~
D:/PRG/Pac-man/Entities/AI/BehaviorTree.h:235:190: warning: unused parameter 'bb' [-Wunused-parameter]
  235 |     NodeStatus Tick(int entityID, const PositionComponent& position, MovementComponent& movement, AIComponent &Ai, const TypeComponent& type, StaticEntityComponent& staticComp, Blackboard& bb) override {
      |                                                                                                                                                                                  ~~~~~~~~~~~~^~
D:/PRG/Pac-man/Entities/AI/BehaviorTree.h: In member function 'virtual NodeStatus ClaymoreTriggerNode::Tick(int, const PositionComponent&, MovementComponent&, AIComponent&, const TypeComponent&, StaticEntityComponent&, Blackboard&)':
D:/PRG/Pac-man/Entities/AI/BehaviorTree.h:250:112: warning: unused parameter 'Ai' [-Wunused-parameter]
  250 |     NodeStatus Tick(int entityID, const PositionComponent& position, MovementComponent& movement, AIComponent &Ai, const TypeComponent& type, StaticEntityComponent& staticComp, Blackboard& bb) override {
      |                                                                                                   ~~~~~~~~~~~~~^~
D:/PRG/Pac-man/Entities/AI/BehaviorTree.h:250:137: warning: unused parameter 'type' [-Wunused-parameter]
  250 |     NodeStatus Tick(int entityID, const PositionComponent& position, MovementComponent& movement, AIComponent &Ai, const TypeComponent& type, StaticEntityComponent& staticComp, Blackboard& bb) override {
      |                                                                                                                    ~~~~~~~~~~~~~~~~~~~~~^~~~
D:/PRG/Pac-man/Entities/AI/BehaviorTree.h:250:166: warning: unused parameter 'staticComp' [-Wunused-parameter]
  250 |     NodeStatus Tick(int entityID, const PositionComponent& position, MovementComponent& movement, AIComponent &Ai, const TypeComponent& type, StaticEntityComponent& staticComp, Blackboard& bb) override {
      |                                                                                                                                               ~~~~~~~~~~~~~~~~~~~~~~~^~~~~~~~~~
D:/PRG/Pac-man/Entities/AI/BehaviorTree.h: In member function 'virtual NodeStatus WallChargeDetonateNode::Tick(int, const PositionComponent&, MovementComponent&, AIComponent&, const TypeComponent&, StaticEntityComponent&, Blackboard&)':
D:/PRG/Pac-man/Entities/AI/BehaviorTree.h:290:89: warning: unused parameter 'movement' [-Wunused-parameter]
  290 |     NodeStatus Tick(int entityID, const PositionComponent& position, MovementComponent& movement, AIComponent &Ai, const TypeComponent& type, StaticEntityComponent& staticComp, Blackboard& bb) override {
      |                                                                      ~~~~~~~~~~~~~~~~~~~^~~~~~~~
D:/PRG/Pac-man/Entities/AI/BehaviorTree.h:290:112: warning: unused parameter 'Ai' [-Wunused-parameter]
  290 |     NodeStatus Tick(int entityID, const PositionComponent& position, MovementComponent& movement, AIComponent &Ai, const TypeComponent& type, StaticEntityComponent& staticComp, Blackboard& bb) override {
      |                                                                                                   ~~~~~~~~~~~~~^~
D:/PRG/Pac-man/Entities/AI/BehaviorTree.h:290:137: warning: unused parameter 'type' [-Wunused-parameter]
  290 |     NodeStatus Tick(int entityID, const PositionComponent& position, MovementComponent& movement, AIComponent &Ai, const TypeComponent& type, StaticEntityComponent& staticComp, Blackboard& bb) override {
      |                                                                                                                    ~~~~~~~~~~~~~~~~~~~~~^~~~
[3/13] Building CXX object CMakeFiles/Pac-Man.dir/GUI/Windows/MainMenu.cpp.obj
FAILED: [code=1] CMakeFiles/Pac-Man.dir/GUI/Windows/MainMenu.cpp.obj 
C:\stuff\mSYS2\mingw64\bin\g++.exe  -ID:/PRG/Pac-man/src/SDL_Lib/include -ID:/PRG/Pac-man/src/TTF_Lib/include -ID:/PRG/Pac-man/src/SDL_Image/include -std=c++17 -Wall -Wextra -Wpedantic -MD -MT CMakeFiles/Pac-Man.dir/GUI/Windows/MainMenu.cpp.obj -MF CMakeFiles\Pac-Man.dir\GUI\Windows\MainMenu.cpp.obj.d -o CMakeFiles/Pac-Man.dir/GUI/Windows/MainMenu.cpp.obj -c D:/PRG/Pac-man/GUI/Windows/MainMenu.cpp
In file included from D:/PRG/Pac-man/GUI/Windows/GUI.h:14,
                 from D:/PRG/Pac-man/GUI/Windows/MainMenu.h:3,
                 from D:/PRG/Pac-man/GUI/Windows/MainMenu.cpp:1:
D:/PRG/Pac-man/GUI/Elements/GUIElement.h: In member function 'virtual void GUIElement::DrawElement(SDL_Renderer*)':
D:/PRG/Pac-man/GUI/Elements/GUIElement.h:32:44: warning: unused parameter 'renderer' [-Wunused-parameter]
   32 |     virtual void DrawElement(SDL_Renderer *renderer){};
      |                              ~~~~~~~~~~~~~~^~~~~~~~
D:/PRG/Pac-man/GUI/Windows/GUI.h: In member function 'virtual SDL_AppResult GUI::HandleEvents(SDL_Event*)':
D:/PRG/Pac-man/GUI/Windows/GUI.h:38:58: warning: no return statement in function returning non-void [-Wreturn-type]
   38 |     virtual SDL_AppResult HandleEvents(SDL_Event *Event){};
      |                                                          ^
D:/PRG/Pac-man/GUI/Windows/GUI.h:38:51: warning: unused parameter 'Event' [-Wunused-parameter]
   38 |     virtual SDL_AppResult HandleEvents(SDL_Event *Event){};
      |                                        ~~~~~~~~~~~^~~~~
In file included from D:/PRG/Pac-man/Entities/GameManager.h:7,
                 from D:/PRG/Pac-man/GUI/Windows/GameMenu.h:6,
                 from D:/PRG/Pac-man/GUI/Windows/MainMenu.h:4:
D:/PRG/Pac-man/Entities/EntityManager.h: At global scope:
D:/PRG/Pac-man/Entities/EntityManager.h:81:61: error: 'EntityType' has not been declared; did you mean 'EnemyType'?
   81 |     void AddStaticEntity(int x, int y, Direction direction, EntityType entityType, std::unique_ptr<Node> behaviorTree);
      |                                                             ^~~~~~~~~~
      |                                                             EnemyType
In file included from D:/PRG/Pac-man/Entities/EntityFactory.h:2,
                 from D:/PRG/Pac-man/Entities/GameManager.h:8:
D:/PRG/Pac-man/Entities/AI/BehaviorTree.h: In member function 'virtual NodeStatus FindTarget::Tick(int, const PositionComponent&, MovementComponent&, AIComponent&, const TypeComponent&, StaticEntityComponent&, Blackboard&)':
D:/PRG/Pac-man/Entities/AI/BehaviorTree.h:84:25: warning: unused parameter 'entityID' [-Wunused-parameter]
   84 |     NodeStatus Tick(int entityID, const PositionComponent& position, MovementComponent& movement, AIComponent &Ai, const TypeComponent& type, StaticEntityComponent& staticComp, Blackboard& bb) override {
      |                     ~~~~^~~~~~~~
D:/PRG/Pac-man/Entities/AI/BehaviorTree.h:84:112: warning: unused parameter 'Ai' [-Wunused-parameter]
   84 |     NodeStatus Tick(int entityID, const PositionComponent& position, MovementComponent& movement, AIComponent &Ai, const TypeComponent& type, StaticEntityComponent& staticComp, Blackboard& bb) override {
      |                                                                                                   ~~~~~~~~~~~~~^~
D:/PRG/Pac-man/Entities/AI/BehaviorTree.h:84:137: warning: unused parameter 'type' [-Wunused-parameter]
   84 |     NodeStatus Tick(int entityID, const PositionComponent& position, MovementComponent& movement, AIComponent &Ai, const TypeComponent& type, StaticEntityComponent& staticComp, Blackboard& bb) override {
      |                                                                                                                    ~~~~~~~~~~~~~~~~~~~~~^~~~
D:/PRG/Pac-man/Entities/AI/BehaviorTree.h:84:166: warning: unused parameter 'staticComp' [-Wunused-parameter]
   84 |     NodeStatus Tick(int entityID, const PositionComponent& position, MovementComponent& movement, AIComponent &Ai, const TypeComponent& type, StaticEntityComponent& staticComp, Blackboard& bb) override {
      |                                                                                                                                               ~~~~~~~~~~~~~~~~~~~~~~~^~~~~~~~~~
D:/PRG/Pac-man/Entities/AI/BehaviorTree.h: In member function 'virtual NodeStatus FindPathNode::Tick(int, const PositionComponent&, MovementComponent&, AIComponent&, const TypeComponent&, StaticEntityComponent&, Blackboard&)':
D:/PRG/Pac-man/Entities/AI/BehaviorTree.h:123:25: warning: unused parameter 'entityID' [-Wunused-parameter]
  123 |     NodeStatus Tick(int entityID, const PositionComponent& position, MovementComponent& movement, AIComponent &Ai, const TypeComponent& type, StaticEntityComponent& staticComp, Blackboard& bb) override {
      |                     ~~~~^~~~~~~~
D:/PRG/Pac-man/Entities/AI/BehaviorTree.h:123:137: warning: unused parameter 'type' [-Wunused-parameter]
  123 |     NodeStatus Tick(int entityID, const PositionComponent& position, MovementComponent& movement, AIComponent &Ai, const TypeComponent& type, StaticEntityComponent& staticComp, Blackboard& bb) override {
      |                                                                                                                    ~~~~~~~~~~~~~~~~~~~~~^~~~
D:/PRG/Pac-man/Entities/AI/BehaviorTree.h:123:166: warning: unused parameter 'staticComp' [-Wunused-parameter]
  123 |     NodeStatus Tick(int entityID, const PositionComponent& position, MovementComponent& movement, AIComponent &Ai, const TypeComponent& type, StaticEntityComponent& staticComp, Blackboard& bb) override {
      |                                                                                                                                               ~~~~~~~~~~~~~~~~~~~~~~~^~~~~~~~~~
D:/PRG/Pac-man/Entities/AI/BehaviorTree.h: In member function 'virtual NodeStatus JunctionDesitionNode::Tick(int, const PositionComponent&, MovementComponent&, AIComponent&, const TypeComponent&, StaticEntityComponent&, Blackboard&)':
D:/PRG/Pac-man/Entities/AI/BehaviorTree.h:152:25: warning: unused parameter 'entityID' [-Wunused-parameter]
  152 |     NodeStatus Tick(int entityID, const PositionComponent& position, MovementComponent& movement, AIComponent &Ai, const TypeComponent& type, StaticEntityComponent& staticComp, Blackboard& bb) override {
      |                     ~~~~^~~~~~~~
D:/PRG/Pac-man/Entities/AI/BehaviorTree.h:152:137: warning: unused parameter 'type' [-Wunused-parameter]
  152 |     NodeStatus Tick(int entityID, const PositionComponent& position, MovementComponent& movement, AIComponent &Ai, const TypeComponent& type, StaticEntityComponent& staticComp, Blackboard& bb) override {
      |                                                                                                                    ~~~~~~~~~~~~~~~~~~~~~^~~~
D:/PRG/Pac-man/Entities/AI/BehaviorTree.h:152:166: warning: unused parameter 'staticComp' [-Wunused-parameter]
  152 |     NodeStatus Tick(int entityID, const PositionComponent& position, MovementComponent& movement, AIComponent &Ai, const TypeComponent& type, StaticEntityComponent& staticComp, Blackboard& bb) override {
      |                                                                                                                                               ~~~~~~~~~~~~~~~~~~~~~~~^~~~~~~~~~
D:/PRG/Pac-man/Entities/AI/BehaviorTree.h: In member function 'virtual NodeStatus PredictPlayersTurn::Tick(int, const PositionComponent&, MovementComponent&, AIComponent&, const TypeComponent&, StaticEntityComponent&, Blackboard&)':
D:/PRG/Pac-man/Entities/AI/BehaviorTree.h:235:25: warning: unused parameter 'entityID' [-Wunused-parameter]
  235 |     NodeStatus Tick(int entityID, const PositionComponent& position, MovementComponent& movement, AIComponent &Ai, const TypeComponent& type, StaticEntityComponent& staticComp, Blackboard& bb) override {
      |                     ~~~~^~~~~~~~
D:/PRG/Pac-man/Entities/AI/BehaviorTree.h:235:112: warning: unused parameter 'Ai' [-Wunused-parameter]
  235 |     NodeStatus Tick(int entityID, const PositionComponent& position, MovementComponent& movement, AIComponent &Ai, const TypeComponent& type, StaticEntityComponent& staticComp, Blackboard& bb) override {
      |                                                                                                   ~~~~~~~~~~~~~^~
D:/PRG/Pac-man/Entities/AI/BehaviorTree.h:235:137: warning: unused parameter 'type' [-Wunused-parameter]
  235 |     NodeStatus Tick(int entityID, const PositionComponent& position, MovementComponent& movement, AIComponent &Ai, const TypeComponent& type, StaticEntityComponent& staticComp, Blackboard& bb) override {
      |                                                                                                                    ~~~~~~~~~~~~~~~~~~~~~^~~~
D:/PRG/Pac-man/Entities/AI/BehaviorTree.h:235:166: warning: unused parameter 'staticComp' [-Wunused-parameter]
  235 |     NodeStatus Tick(int entityID, const PositionComponent& position, MovementComponent& movement, AIComponent &Ai, const TypeComponent& type, StaticEntityComponent& staticComp, Blackboard& bb) override {
      |                                                                                                                                               ~~~~~~~~~~~~~~~~~~~~~~~^~~~~~~~~~
D:/PRG/Pac-man/Entities/AI/BehaviorTree.h:235:190: warning: unused parameter 'bb' [-Wunused-parameter]
  235 |     NodeStatus Tick(int entityID, const PositionComponent& position, MovementComponent& movement, AIComponent &Ai, const TypeComponent& type, StaticEntityComponent& staticComp, Blackboard& bb) override {
      |                                                                                                                                                                                  ~~~~~~~~~~~~^~
D:/PRG/Pac-man/Entities/AI/BehaviorTree.h: In member function 'virtual NodeStatus ClaymoreTriggerNode::Tick(int, const PositionComponent&, MovementComponent&, AIComponent&, const TypeComponent&, StaticEntityComponent&, Blackboard&)':
D:/PRG/Pac-man/Entities/AI/BehaviorTree.h:250:112: warning: unused parameter 'Ai' [-Wunused-parameter]
  250 |     NodeStatus Tick(int entityID, const PositionComponent& position, MovementComponent& movement, AIComponent &Ai, const TypeComponent& type, StaticEntityComponent& staticComp, Blackboard& bb) override {
      |                                                                                                   ~~~~~~~~~~~~~^~
D:/PRG/Pac-man/Entities/AI/BehaviorTree.h:250:137: warning: unused parameter 'type' [-Wunused-parameter]
  250 |     NodeStatus Tick(int entityID, const PositionComponent& position, MovementComponent& movement, AIComponent &Ai, const TypeComponent& type, StaticEntityComponent& staticComp, Blackboard& bb) override {
      |                                                                                                                    ~~~~~~~~~~~~~~~~~~~~~^~~~
D:/PRG/Pac-man/Entities/AI/BehaviorTree.h:250:166: warning: unused parameter 'staticComp' [-Wunused-parameter]
  250 |     NodeStatus Tick(int entityID, const PositionComponent& position, MovementComponent& movement, AIComponent &Ai, const TypeComponent& type, StaticEntityComponent& staticComp, Blackboard& bb) override {
      |                                                                                                                                               ~~~~~~~~~~~~~~~~~~~~~~~^~~~~~~~~~
D:/PRG/Pac-man/Entities/AI/BehaviorTree.h: In member function 'virtual NodeStatus WallChargeDetonateNode::Tick(int, const PositionComponent&, MovementComponent&, AIComponent&, const TypeComponent&, StaticEntityComponent&, Blackboard&)':
D:/PRG/Pac-man/Entities/AI/BehaviorTree.h:290:89: warning: unused parameter 'movement' [-Wunused-parameter]
  290 |     NodeStatus Tick(int entityID, const PositionComponent& position, MovementComponent& movement, AIComponent &Ai, const TypeComponent& type, StaticEntityComponent& staticComp, Blackboard& bb) override {
      |                                                                      ~~~~~~~~~~~~~~~~~~~^~~~~~~~
D:/PRG/Pac-man/Entities/AI/BehaviorTree.h:290:112: warning: unused parameter 'Ai' [-Wunused-parameter]
  290 |     NodeStatus Tick(int entityID, const PositionComponent& position, MovementComponent& movement, AIComponent &Ai, const TypeComponent& type, StaticEntityComponent& staticComp, Blackboard& bb) override {
      |                                                                                                   ~~~~~~~~~~~~~^~
D:/PRG/Pac-man/Entities/AI/BehaviorTree.h:290:137: warning: unused parameter 'type' [-Wunused-parameter]
  290 |     NodeStatus Tick(int entityID, const PositionComponent& position, MovementComponent& movement, AIComponent &Ai, const TypeComponent& type, StaticEntityComponent& staticComp, Blackboard& bb) override {
      |                                                                                                                    ~~~~~~~~~~~~~~~~~~~~~^~~~
[4/13] Building CXX object CMakeFiles/Pac-Man.dir/Entities/GameMaganer.cpp.obj
FAILED: [code=1] CMakeFiles/Pac-Man.dir/Entities/GameMaganer.cpp.obj 
C:\stuff\mSYS2\mingw64\bin\g++.exe  -ID:/PRG/Pac-man/src/SDL_Lib/include -ID:/PRG/Pac-man/src/TTF_Lib/include -ID:/PRG/Pac-man/src/SDL_Image/include -std=c++17 -Wall -Wextra -Wpedantic -MD -MT CMakeFiles/Pac-Man.dir/Entities/GameMaganer.cpp.obj -MF CMakeFiles\Pac-Man.dir\Entities\GameMaganer.cpp.obj.d -o CMakeFiles/Pac-Man.dir/Entities/GameMaganer.cpp.obj -c D:/PRG/Pac-man/Entities/GameMaganer.cpp
In file included from D:/PRG/Pac-man/Entities/GameManager.h:7,
                 from D:/PRG/Pac-man/Entities/GameMaganer.cpp:1:
D:/PRG/Pac-man/Entities/EntityManager.h:81:61: error: 'EntityType' has not been declared; did you mean 'EnemyType'?
   81 |     void AddStaticEntity(int x, int y, Direction direction, EntityType entityType, std::unique_ptr<Node> behaviorTree);
      |                                                             ^~~~~~~~~~
      |                                                             EnemyType
In file included from D:/PRG/Pac-man/Entities/EntityFactory.h:2,
                 from D:/PRG/Pac-man/Entities/GameManager.h:8:
D:/PRG/Pac-man/Entities/AI/BehaviorTree.h: In member function 'virtual NodeStatus FindTarget::Tick(int, const PositionComponent&, MovementComponent&, AIComponent&, const TypeComponent&, StaticEntityComponent&, Blackboard&)':
D:/PRG/Pac-man/Entities/AI/BehaviorTree.h:84:25: warning: unused parameter 'entityID' [-Wunused-parameter]
   84 |     NodeStatus Tick(int entityID, const PositionComponent& position, MovementComponent& movement, AIComponent &Ai, const TypeComponent& type, StaticEntityComponent& staticComp, Blackboard& bb) override {
      |                     ~~~~^~~~~~~~
D:/PRG/Pac-man/Entities/AI/BehaviorTree.h:84:112: warning: unused parameter 'Ai' [-Wunused-parameter]
   84 |     NodeStatus Tick(int entityID, const PositionComponent& position, MovementComponent& movement, AIComponent &Ai, const TypeComponent& type, StaticEntityComponent& staticComp, Blackboard& bb) override {
      |                                                                                                   ~~~~~~~~~~~~~^~
D:/PRG/Pac-man/Entities/AI/BehaviorTree.h:84:137: warning: unused parameter 'type' [-Wunused-parameter]
   84 |     NodeStatus Tick(int entityID, const PositionComponent& position, MovementComponent& movement, AIComponent &Ai, const TypeComponent& type, StaticEntityComponent& staticComp, Blackboard& bb) override {
      |                                                                                                                    ~~~~~~~~~~~~~~~~~~~~~^~~~
D:/PRG/Pac-man/Entities/AI/BehaviorTree.h:84:166: warning: unused parameter 'staticComp' [-Wunused-parameter]
   84 |     NodeStatus Tick(int entityID, const PositionComponent& position, MovementComponent& movement, AIComponent &Ai, const TypeComponent& type, StaticEntityComponent& staticComp, Blackboard& bb) override {
      |                                                                                                                                               ~~~~~~~~~~~~~~~~~~~~~~~^~~~~~~~~~
D:/PRG/Pac-man/Entities/AI/BehaviorTree.h: In member function 'virtual NodeStatus FindPathNode::Tick(int, const PositionComponent&, MovementComponent&, AIComponent&, const TypeComponent&, StaticEntityComponent&, Blackboard&)':
D:/PRG/Pac-man/Entities/AI/BehaviorTree.h:123:25: warning: unused parameter 'entityID' [-Wunused-parameter]
  123 |     NodeStatus Tick(int entityID, const PositionComponent& position, MovementComponent& movement, AIComponent &Ai, const TypeComponent& type, StaticEntityComponent& staticComp, Blackboard& bb) override {
      |                     ~~~~^~~~~~~~
D:/PRG/Pac-man/Entities/AI/BehaviorTree.h:123:137: warning: unused parameter 'type' [-Wunused-parameter]
  123 |     NodeStatus Tick(int entityID, const PositionComponent& position, MovementComponent& movement, AIComponent &Ai, const TypeComponent& type, StaticEntityComponent& staticComp, Blackboard& bb) override {
      |                                                                                                                    ~~~~~~~~~~~~~~~~~~~~~^~~~
D:/PRG/Pac-man/Entities/AI/BehaviorTree.h:123:166: warning: unused parameter 'staticComp' [-Wunused-parameter]
  123 |     NodeStatus Tick(int entityID, const PositionComponent& position, MovementComponent& movement, AIComponent &Ai, const TypeComponent& type, StaticEntityComponent& staticComp, Blackboard& bb) override {
      |                                                                                                                                               ~~~~~~~~~~~~~~~~~~~~~~~^~~~~~~~~~
D:/PRG/Pac-man/Entities/AI/BehaviorTree.h: In member function 'virtual NodeStatus JunctionDesitionNode::Tick(int, const PositionComponent&, MovementComponent&, AIComponent&, const TypeComponent&, StaticEntityComponent&, Blackboard&)':
D:/PRG/Pac-man/Entities/AI/BehaviorTree.h:152:25: warning: unused parameter 'entityID' [-Wunused-parameter]
  152 |     NodeStatus Tick(int entityID, const PositionComponent& position, MovementComponent& movement, AIComponent &Ai, const TypeComponent& type, StaticEntityComponent& staticComp, Blackboard& bb) override {
      |                     ~~~~^~~~~~~~
D:/PRG/Pac-man/Entities/AI/BehaviorTree.h:152:137: warning: unused parameter 'type' [-Wunused-parameter]
  152 |     NodeStatus Tick(int entityID, const PositionComponent& position, MovementComponent& movement, AIComponent &Ai, const TypeComponent& type, StaticEntityComponent& staticComp, Blackboard& bb) override {
      |                                                                                                                    ~~~~~~~~~~~~~~~~~~~~~^~~~
D:/PRG/Pac-man/Entities/AI/BehaviorTree.h:152:166: warning: unused parameter 'staticComp' [-Wunused-parameter]
  152 |     NodeStatus Tick(int entityID, const PositionComponent& position, MovementComponent& movement, AIComponent &Ai, const TypeComponent& type, StaticEntityComponent& staticComp, Blackboard& bb) override {
      |                                                                                                                                               ~~~~~~~~~~~~~~~~~~~~~~~^~~~~~~~~~
D:/PRG/Pac-man/Entities/AI/BehaviorTree.h: In member function 'virtual NodeStatus PredictPlayersTurn::Tick(int, const PositionComponent&, MovementComponent&, AIComponent&, const TypeComponent&, StaticEntityComponent&, Blackboard&)':
D:/PRG/Pac-man/Entities/AI/BehaviorTree.h:235:25: warning: unused parameter 'entityID' [-Wunused-parameter]
  235 |     NodeStatus Tick(int entityID, const PositionComponent& position, MovementComponent& movement, AIComponent &Ai, const TypeComponent& type, StaticEntityComponent& staticComp, Blackboard& bb) override {
      |                     ~~~~^~~~~~~~
D:/PRG/Pac-man/Entities/AI/BehaviorTree.h:235:112: warning: unused parameter 'Ai' [-Wunused-parameter]
  235 |     NodeStatus Tick(int entityID, const PositionComponent& position, MovementComponent& movement, AIComponent &Ai, const TypeComponent& type, StaticEntityComponent& staticComp, Blackboard& bb) override {
      |                                                                                                   ~~~~~~~~~~~~~^~
D:/PRG/Pac-man/Entities/AI/BehaviorTree.h:235:137: warning: unused parameter 'type' [-Wunused-parameter]
  235 |     NodeStatus Tick(int entityID, const PositionComponent& position, MovementComponent& movement, AIComponent &Ai, const TypeComponent& type, StaticEntityComponent& staticComp, Blackboard& bb) override {
      |                                                                                                                    ~~~~~~~~~~~~~~~~~~~~~^~~~
D:/PRG/Pac-man/Entities/AI/BehaviorTree.h:235:166: warning: unused parameter 'staticComp' [-Wunused-parameter]
  235 |     NodeStatus Tick(int entityID, const PositionComponent& position, MovementComponent& movement, AIComponent &Ai, const TypeComponent& type, StaticEntityComponent& staticComp, Blackboard& bb) override {
      |                                                                                                                                               ~~~~~~~~~~~~~~~~~~~~~~~^~~~~~~~~~
D:/PRG/Pac-man/Entities/AI/BehaviorTree.h:235:190: warning: unused parameter 'bb' [-Wunused-parameter]
  235 |     NodeStatus Tick(int entityID, const PositionComponent& position, MovementComponent& movement, AIComponent &Ai, const TypeComponent& type, StaticEntityComponent& staticComp, Blackboard& bb) override {
      |                                                                                                                                                                                  ~~~~~~~~~~~~^~
D:/PRG/Pac-man/Entities/AI/BehaviorTree.h: In member function 'virtual NodeStatus ClaymoreTriggerNode::Tick(int, const PositionComponent&, MovementComponent&, AIComponent&, const TypeComponent&, StaticEntityComponent&, Blackboard&)':
D:/PRG/Pac-man/Entities/AI/BehaviorTree.h:250:112: warning: unused parameter 'Ai' [-Wunused-parameter]
  250 |     NodeStatus Tick(int entityID, const PositionComponent& position, MovementComponent& movement, AIComponent &Ai, const TypeComponent& type, StaticEntityComponent& staticComp, Blackboard& bb) override {
      |                                                                                                   ~~~~~~~~~~~~~^~
D:/PRG/Pac-man/Entities/AI/BehaviorTree.h:250:137: warning: unused parameter 'type' [-Wunused-parameter]
  250 |     NodeStatus Tick(int entityID, const PositionComponent& position, MovementComponent& movement, AIComponent &Ai, const TypeComponent& type, StaticEntityComponent& staticComp, Blackboard& bb) override {
      |                                                                                                                    ~~~~~~~~~~~~~~~~~~~~~^~~~
D:/PRG/Pac-man/Entities/AI/BehaviorTree.h:250:166: warning: unused parameter 'staticComp' [-Wunused-parameter]
  250 |     NodeStatus Tick(int entityID, const PositionComponent& position, MovementComponent& movement, AIComponent &Ai, const TypeComponent& type, StaticEntityComponent& staticComp, Blackboard& bb) override {
      |                                                                                                                                               ~~~~~~~~~~~~~~~~~~~~~~~^~~~~~~~~~
D:/PRG/Pac-man/Entities/AI/BehaviorTree.h: In member function 'virtual NodeStatus WallChargeDetonateNode::Tick(int, const PositionComponent&, MovementComponent&, AIComponent&, const TypeComponent&, StaticEntityComponent&, Blackboard&)':
D:/PRG/Pac-man/Entities/AI/BehaviorTree.h:290:89: warning: unused parameter 'movement' [-Wunused-parameter]
  290 |     NodeStatus Tick(int entityID, const PositionComponent& position, MovementComponent& movement, AIComponent &Ai, const TypeComponent& type, StaticEntityComponent& staticComp, Blackboard& bb) override {
      |                                                                      ~~~~~~~~~~~~~~~~~~~^~~~~~~~
D:/PRG/Pac-man/Entities/AI/BehaviorTree.h:290:112: warning: unused parameter 'Ai' [-Wunused-parameter]
  290 |     NodeStatus Tick(int entityID, const PositionComponent& position, MovementComponent& movement, AIComponent &Ai, const TypeComponent& type, StaticEntityComponent& staticComp, Blackboard& bb) override {
      |                                                                                                   ~~~~~~~~~~~~~^~
D:/PRG/Pac-man/Entities/AI/BehaviorTree.h:290:137: warning: unused parameter 'type' [-Wunused-parameter]
  290 |     NodeStatus Tick(int entityID, const PositionComponent& position, MovementComponent& movement, AIComponent &Ai, const TypeComponent& type, StaticEntityComponent& staticComp, Blackboard& bb) override {
      |                                                                                                                    ~~~~~~~~~~~~~~~~~~~~~^~~~
In file included from D:/PRG/Pac-man/Entities/GameMaganer.cpp:5:
D:/PRG/Pac-man/LevelLoader.h: In static member function 'static std::vector<std::vector<TileData> > LevelLoader::LoadLevel(const std::string&, int, int)':
D:/PRG/Pac-man/LevelLoader.h:33:52: warning: comparison of integer expressions of different signedness: 'int' and 'std::__cxx11::basic_string<char>::size_type' {aka 'long long unsigned int'} [-Wsign-compare]
   33 |             for (int col = 0; col < columns && col < line.size(); ++col) {
      |                                                ~~~~^~~~~~~~~~~~~
[5/13] Building CXX object CMakeFiles/Pac-Man.dir/Main.cpp.obj
FAILED: [code=1] CMakeFiles/Pac-Man.dir/Main.cpp.obj 
C:\stuff\mSYS2\mingw64\bin\g++.exe  -ID:/PRG/Pac-man/src/SDL_Lib/include -ID:/PRG/Pac-man/src/TTF_Lib/include -ID:/PRG/Pac-man/src/SDL_Image/include -std=c++17 -Wall -Wextra -Wpedantic -MD -MT CMakeFiles/Pac-Man.dir/Main.cpp.obj -MF CMakeFiles\Pac-Man.dir\Main.cpp.obj.d -o CMakeFiles/Pac-Man.dir/Main.cpp.obj -c D:/PRG/Pac-man/Main.cpp
In file included from D:/PRG/Pac-man/GUI/Windows/GUI.h:14,
                 from D:/PRG/Pac-man/Main.cpp:9:
D:/PRG/Pac-man/GUI/Elements/GUIElement.h: In member function 'virtual void GUIElement::DrawElement(SDL_Renderer*)':
D:/PRG/Pac-man/GUI/Elements/GUIElement.h:32:44: warning: unused parameter 'renderer' [-Wunused-parameter]
   32 |     virtual void DrawElement(SDL_Renderer *renderer){};
      |                              ~~~~~~~~~~~~~~^~~~~~~~
D:/PRG/Pac-man/GUI/Windows/GUI.h: In member function 'virtual SDL_AppResult GUI::HandleEvents(SDL_Event*)':
D:/PRG/Pac-man/GUI/Windows/GUI.h:38:58: warning: no return statement in function returning non-void [-Wreturn-type]
   38 |     virtual SDL_AppResult HandleEvents(SDL_Event *Event){};
      |                                                          ^
D:/PRG/Pac-man/GUI/Windows/GUI.h:38:51: warning: unused parameter 'Event' [-Wunused-parameter]
   38 |     virtual SDL_AppResult HandleEvents(SDL_Event *Event){};
      |                                        ~~~~~~~~~~~^~~~~
In file included from D:/PRG/Pac-man/Entities/GameManager.h:7,
                 from D:/PRG/Pac-man/GUI/Windows/GameMenu.h:6,
                 from D:/PRG/Pac-man/GUI/Windows/MainMenu.h:4,
                 from D:/PRG/Pac-man/Main.cpp:11:
D:/PRG/Pac-man/Entities/EntityManager.h: At global scope:
D:/PRG/Pac-man/Entities/EntityManager.h:81:61: error: 'EntityType' has not been declared; did you mean 'EnemyType'?
   81 |     void AddStaticEntity(int x, int y, Direction direction, EntityType entityType, std::unique_ptr<Node> behaviorTree);
      |                                                             ^~~~~~~~~~
      |                                                             EnemyType
In file included from D:/PRG/Pac-man/Entities/EntityFactory.h:2,
                 from D:/PRG/Pac-man/Entities/GameManager.h:8:
D:/PRG/Pac-man/Entities/AI/BehaviorTree.h: In member function 'virtual NodeStatus FindTarget::Tick(int, const PositionComponent&, MovementComponent&, AIComponent&, const TypeComponent&, StaticEntityComponent&, Blackboard&)':
D:/PRG/Pac-man/Entities/AI/BehaviorTree.h:84:25: warning: unused parameter 'entityID' [-Wunused-parameter]
   84 |     NodeStatus Tick(int entityID, const PositionComponent& position, MovementComponent& movement, AIComponent &Ai, const TypeComponent& type, StaticEntityComponent& staticComp, Blackboard& bb) override {
      |                     ~~~~^~~~~~~~
D:/PRG/Pac-man/Entities/AI/BehaviorTree.h:84:112: warning: unused parameter 'Ai' [-Wunused-parameter]
   84 |     NodeStatus Tick(int entityID, const PositionComponent& position, MovementComponent& movement, AIComponent &Ai, const TypeComponent& type, StaticEntityComponent& staticComp, Blackboard& bb) override {
      |                                                                                                   ~~~~~~~~~~~~~^~
D:/PRG/Pac-man/Entities/AI/BehaviorTree.h:84:137: warning: unused parameter 'type' [-Wunused-parameter]
   84 |     NodeStatus Tick(int entityID, const PositionComponent& position, MovementComponent& movement, AIComponent &Ai, const TypeComponent& type, StaticEntityComponent& staticComp, Blackboard& bb) override {
      |                                                                                                                    ~~~~~~~~~~~~~~~~~~~~~^~~~
D:/PRG/Pac-man/Entities/AI/BehaviorTree.h:84:166: warning: unused parameter 'staticComp' [-Wunused-parameter]
   84 |     NodeStatus Tick(int entityID, const PositionComponent& position, MovementComponent& movement, AIComponent &Ai, const TypeComponent& type, StaticEntityComponent& staticComp, Blackboard& bb) override {
      |                                                                                                                                               ~~~~~~~~~~~~~~~~~~~~~~~^~~~~~~~~~
D:/PRG/Pac-man/Entities/AI/BehaviorTree.h: In member function 'virtual NodeStatus FindPathNode::Tick(int, const PositionComponent&, MovementComponent&, AIComponent&, const TypeComponent&, StaticEntityComponent&, Blackboard&)':
D:/PRG/Pac-man/Entities/AI/BehaviorTree.h:123:25: warning: unused parameter 'entityID' [-Wunused-parameter]
  123 |     NodeStatus Tick(int entityID, const PositionComponent& position, MovementComponent& movement, AIComponent &Ai, const TypeComponent& type, StaticEntityComponent& staticComp, Blackboard& bb) override {
      |                     ~~~~^~~~~~~~
D:/PRG/Pac-man/Entities/AI/BehaviorTree.h:123:137: warning: unused parameter 'type' [-Wunused-parameter]
  123 |     NodeStatus Tick(int entityID, const PositionComponent& position, MovementComponent& movement, AIComponent &Ai, const TypeComponent& type, StaticEntityComponent& staticComp, Blackboard& bb) override {
      |                                                                                                                    ~~~~~~~~~~~~~~~~~~~~~^~~~
D:/PRG/Pac-man/Entities/AI/BehaviorTree.h:123:166: warning: unused parameter 'staticComp' [-Wunused-parameter]
  123 |     NodeStatus Tick(int entityID, const PositionComponent& position, MovementComponent& movement, AIComponent &Ai, const TypeComponent& type, StaticEntityComponent& staticComp, Blackboard& bb) override {
      |                                                                                                                                               ~~~~~~~~~~~~~~~~~~~~~~~^~~~~~~~~~
D:/PRG/Pac-man/Entities/AI/BehaviorTree.h: In member function 'virtual NodeStatus JunctionDesitionNode::Tick(int, const PositionComponent&, MovementComponent&, AIComponent&, const TypeComponent&, StaticEntityComponent&, Blackboard&)':
D:/PRG/Pac-man/Entities/AI/BehaviorTree.h:152:25: warning: unused parameter 'entityID' [-Wunused-parameter]
  152 |     NodeStatus Tick(int entityID, const PositionComponent& position, MovementComponent& movement, AIComponent &Ai, const TypeComponent& type, StaticEntityComponent& staticComp, Blackboard& bb) override {
      |                     ~~~~^~~~~~~~
D:/PRG/Pac-man/Entities/AI/BehaviorTree.h:152:137: warning: unused parameter 'type' [-Wunused-parameter]
  152 |     NodeStatus Tick(int entityID, const PositionComponent& position, MovementComponent& movement, AIComponent &Ai, const TypeComponent& type, StaticEntityComponent& staticComp, Blackboard& bb) override {
      |                                                                                                                    ~~~~~~~~~~~~~~~~~~~~~^~~~
D:/PRG/Pac-man/Entities/AI/BehaviorTree.h:152:166: warning: unused parameter 'staticComp' [-Wunused-parameter]
  152 |     NodeStatus Tick(int entityID, const PositionComponent& position, MovementComponent& movement, AIComponent &Ai, const TypeComponent& type, StaticEntityComponent& staticComp, Blackboard& bb) override {
      |                                                                                                                                               ~~~~~~~~~~~~~~~~~~~~~~~^~~~~~~~~~
D:/PRG/Pac-man/Entities/AI/BehaviorTree.h: In member function 'virtual NodeStatus PredictPlayersTurn::Tick(int, const PositionComponent&, MovementComponent&, AIComponent&, const TypeComponent&, StaticEntityComponent&, Blackboard&)':
D:/PRG/Pac-man/Entities/AI/BehaviorTree.h:235:25: warning: unused parameter 'entityID' [-Wunused-parameter]
  235 |     NodeStatus Tick(int entityID, const PositionComponent& position, MovementComponent& movement, AIComponent &Ai, const TypeComponent& type, StaticEntityComponent& staticComp, Blackboard& bb) override {
      |                     ~~~~^~~~~~~~
D:/PRG/Pac-man/Entities/AI/BehaviorTree.h:235:112: warning: unused parameter 'Ai' [-Wunused-parameter]
  235 |     NodeStatus Tick(int entityID, const PositionComponent& position, MovementComponent& movement, AIComponent &Ai, const TypeComponent& type, StaticEntityComponent& staticComp, Blackboard& bb) override {
      |                                                                                                   ~~~~~~~~~~~~~^~
D:/PRG/Pac-man/Entities/AI/BehaviorTree.h:235:137: warning: unused parameter 'type' [-Wunused-parameter]
  235 |     NodeStatus Tick(int entityID, const PositionComponent& position, MovementComponent& movement, AIComponent &Ai, const TypeComponent& type, StaticEntityComponent& staticComp, Blackboard& bb) override {
      |                                                                                                                    ~~~~~~~~~~~~~~~~~~~~~^~~~
D:/PRG/Pac-man/Entities/AI/BehaviorTree.h:235:166: warning: unused parameter 'staticComp' [-Wunused-parameter]
  235 |     NodeStatus Tick(int entityID, const PositionComponent& position, MovementComponent& movement, AIComponent &Ai, const TypeComponent& type, StaticEntityComponent& staticComp, Blackboard& bb) override {
      |                                                                                                                                               ~~~~~~~~~~~~~~~~~~~~~~~^~~~~~~~~~
D:/PRG/Pac-man/Entities/AI/BehaviorTree.h:235:190: warning: unused parameter 'bb' [-Wunused-parameter]
  235 |     NodeStatus Tick(int entityID, const PositionComponent& position, MovementComponent& movement, AIComponent &Ai, const TypeComponent& type, StaticEntityComponent& staticComp, Blackboard& bb) override {
      |                                                                                                                                                                                  ~~~~~~~~~~~~^~
D:/PRG/Pac-man/Entities/AI/BehaviorTree.h: In member function 'virtual NodeStatus ClaymoreTriggerNode::Tick(int, const PositionComponent&, MovementComponent&, AIComponent&, const TypeComponent&, StaticEntityComponent&, Blackboard&)':
D:/PRG/Pac-man/Entities/AI/BehaviorTree.h:250:112: warning: unused parameter 'Ai' [-Wunused-parameter]
  250 |     NodeStatus Tick(int entityID, const PositionComponent& position, MovementComponent& movement, AIComponent &Ai, const TypeComponent& type, StaticEntityComponent& staticComp, Blackboard& bb) override {
      |                                                                                                   ~~~~~~~~~~~~~^~
D:/PRG/Pac-man/Entities/AI/BehaviorTree.h:250:137: warning: unused parameter 'type' [-Wunused-parameter]
  250 |     NodeStatus Tick(int entityID, const PositionComponent& position, MovementComponent& movement, AIComponent &Ai, const TypeComponent& type, StaticEntityComponent& staticComp, Blackboard& bb) override {
      |                                                                                                                    ~~~~~~~~~~~~~~~~~~~~~^~~~
D:/PRG/Pac-man/Entities/AI/BehaviorTree.h:250:166: warning: unused parameter 'staticComp' [-Wunused-parameter]
  250 |     NodeStatus Tick(int entityID, const PositionComponent& position, MovementComponent& movement, AIComponent &Ai, const TypeComponent& type, StaticEntityComponent& staticComp, Blackboard& bb) override {
      |                                                                                                                                               ~~~~~~~~~~~~~~~~~~~~~~~^~~~~~~~~~
D:/PRG/Pac-man/Entities/AI/BehaviorTree.h: In member function 'virtual NodeStatus WallChargeDetonateNode::Tick(int, const PositionComponent&, MovementComponent&, AIComponent&, const TypeComponent&, StaticEntityComponent&, Blackboard&)':
D:/PRG/Pac-man/Entities/AI/BehaviorTree.h:290:89: warning: unused parameter 'movement' [-Wunused-parameter]
  290 |     NodeStatus Tick(int entityID, const PositionComponent& position, MovementComponent& movement, AIComponent &Ai, const TypeComponent& type, StaticEntityComponent& staticComp, Blackboard& bb) override {
      |                                                                      ~~~~~~~~~~~~~~~~~~~^~~~~~~~
D:/PRG/Pac-man/Entities/AI/BehaviorTree.h:290:112: warning: unused parameter 'Ai' [-Wunused-parameter]
  290 |     NodeStatus Tick(int entityID, const PositionComponent& position, MovementComponent& movement, AIComponent &Ai, const TypeComponent& type, StaticEntityComponent& staticComp, Blackboard& bb) override {
      |                                                                                                   ~~~~~~~~~~~~~^~
D:/PRG/Pac-man/Entities/AI/BehaviorTree.h:290:137: warning: unused parameter 'type' [-Wunused-parameter]
  290 |     NodeStatus Tick(int entityID, const PositionComponent& position, MovementComponent& movement, AIComponent &Ai, const TypeComponent& type, StaticEntityComponent& staticComp, Blackboard& bb) override {
      |                                                                                                                    ~~~~~~~~~~~~~~~~~~~~~^~~~
D:/PRG/Pac-man/Main.cpp: In function 'SDL_AppResult SDL_AppInit(void**, int, char**)':
D:/PRG/Pac-man/Main.cpp:31:34: warning: unused parameter 'appstate' [-Wunused-parameter]
   31 | SDL_AppResult SDL_AppInit(void **appstate, int argc, char *argv[])
      |                           ~~~~~~~^~~~~~~~
D:/PRG/Pac-man/Main.cpp:31:48: warning: unused parameter 'argc' [-Wunused-parameter]
   31 | SDL_AppResult SDL_AppInit(void **appstate, int argc, char *argv[])
      |                                            ~~~~^~~~
D:/PRG/Pac-man/Main.cpp:31:60: warning: unused parameter 'argv' [-Wunused-parameter]
   31 | SDL_AppResult SDL_AppInit(void **appstate, int argc, char *argv[])
      |                                                      ~~~~~~^~~~~~
D:/PRG/Pac-man/Main.cpp: In function 'SDL_AppResult SDL_AppEvent(void*, SDL_Event*)':
D:/PRG/Pac-man/Main.cpp:63:34: warning: unused parameter 'appstate' [-Wunused-parameter]
   63 | SDL_AppResult SDL_AppEvent(void *appstate, SDL_Event *event)
      |                            ~~~~~~^~~~~~~~
D:/PRG/Pac-man/Main.cpp: In function 'SDL_AppResult SDL_AppIterate(void*)':
D:/PRG/Pac-man/Main.cpp:79:36: warning: unused parameter 'appstate' [-Wunused-parameter]
   79 | SDL_AppResult SDL_AppIterate(void *appstate)
      |                              ~~~~~~^~~~~~~~
D:/PRG/Pac-man/Main.cpp: In function 'void SDL_AppQuit(void*, SDL_AppResult)':
D:/PRG/Pac-man/Main.cpp:95:24: warning: unused parameter 'appstate' [-Wunused-parameter]
   95 | void SDL_AppQuit(void *appstate, SDL_AppResult result)
      |                  ~~~~~~^~~~~~~~
D:/PRG/Pac-man/Main.cpp:95:48: warning: unused parameter 'result' [-Wunused-parameter]
   95 | void SDL_AppQuit(void *appstate, SDL_AppResult result)
      |                                  ~~~~~~~~~~~~~~^~~~~~
[6/13] Building CXX object CMakeFiles/Pac-Man.dir/GUI/Windows/MenuManager.cpp.obj
FAILED: [code=1] CMakeFiles/Pac-Man.dir/GUI/Windows/MenuManager.cpp.obj 
C:\stuff\mSYS2\mingw64\bin\g++.exe  -ID:/PRG/Pac-man/src/SDL_Lib/include -ID:/PRG/Pac-man/src/TTF_Lib/include -ID:/PRG/Pac-man/src/SDL_Image/include -std=c++17 -Wall -Wextra -Wpedantic -MD -MT CMakeFiles/Pac-Man.dir/GUI/Windows/MenuManager.cpp.obj -MF CMakeFiles\Pac-Man.dir\GUI\Windows\MenuManager.cpp.obj.d -o CMakeFiles/Pac-Man.dir/GUI/Windows/MenuManager.cpp.obj -c D:/PRG/Pac-man/GUI/Windows/MenuManager.cpp
In file included from D:/PRG/Pac-man/GUI/Windows/GUI.h:14,
                 from D:/PRG/Pac-man/GUI/Windows/MainMenu.h:3,
                 from D:/PRG/Pac-man/GUI/Windows/MenuManager.cpp:2:
D:/PRG/Pac-man/GUI/Elements/GUIElement.h: In member function 'virtual void GUIElement::DrawElement(SDL_Renderer*)':
D:/PRG/Pac-man/GUI/Elements/GUIElement.h:32:44: warning: unused parameter 'renderer' [-Wunused-parameter]
   32 |     virtual void DrawElement(SDL_Renderer *renderer){};
      |                              ~~~~~~~~~~~~~~^~~~~~~~
D:/PRG/Pac-man/GUI/Windows/GUI.h: In member function 'virtual SDL_AppResult GUI::HandleEvents(SDL_Event*)':
D:/PRG/Pac-man/GUI/Windows/GUI.h:38:58: warning: no return statement in function returning non-void [-Wreturn-type]
   38 |     virtual SDL_AppResult HandleEvents(SDL_Event *Event){};
      |                                                          ^
D:/PRG/Pac-man/GUI/Windows/GUI.h:38:51: warning: unused parameter 'Event' [-Wunused-parameter]
   38 |     virtual SDL_AppResult HandleEvents(SDL_Event *Event){};
      |                                        ~~~~~~~~~~~^~~~~
In file included from D:/PRG/Pac-man/Entities/GameManager.h:7,
                 from D:/PRG/Pac-man/GUI/Windows/GameMenu.h:6,
                 from D:/PRG/Pac-man/GUI/Windows/MainMenu.h:4:
D:/PRG/Pac-man/Entities/EntityManager.h: At global scope:
D:/PRG/Pac-man/Entities/EntityManager.h:81:61: error: 'EntityType' has not been declared; did you mean 'EnemyType'?
   81 |     void AddStaticEntity(int x, int y, Direction direction, EntityType entityType, std::unique_ptr<Node> behaviorTree);
      |                                                             ^~~~~~~~~~
      |                                                             EnemyType
In file included from D:/PRG/Pac-man/Entities/EntityFactory.h:2,
                 from D:/PRG/Pac-man/Entities/GameManager.h:8:
D:/PRG/Pac-man/Entities/AI/BehaviorTree.h: In member function 'virtual NodeStatus FindTarget::Tick(int, const PositionComponent&, MovementComponent&, AIComponent&, const TypeComponent&, StaticEntityComponent&, Blackboard&)':
D:/PRG/Pac-man/Entities/AI/BehaviorTree.h:84:25: warning: unused parameter 'entityID' [-Wunused-parameter]
   84 |     NodeStatus Tick(int entityID, const PositionComponent& position, MovementComponent& movement, AIComponent &Ai, const TypeComponent& type, StaticEntityComponent& staticComp, Blackboard& bb) override {
      |                     ~~~~^~~~~~~~
D:/PRG/Pac-man/Entities/AI/BehaviorTree.h:84:112: warning: unused parameter 'Ai' [-Wunused-parameter]
   84 |     NodeStatus Tick(int entityID, const PositionComponent& position, MovementComponent& movement, AIComponent &Ai, const TypeComponent& type, StaticEntityComponent& staticComp, Blackboard& bb) override {
      |                                                                                                   ~~~~~~~~~~~~~^~
D:/PRG/Pac-man/Entities/AI/BehaviorTree.h:84:137: warning: unused parameter 'type' [-Wunused-parameter]
   84 |     NodeStatus Tick(int entityID, const PositionComponent& position, MovementComponent& movement, AIComponent &Ai, const TypeComponent& type, StaticEntityComponent& staticComp, Blackboard& bb) override {
      |                                                                                                                    ~~~~~~~~~~~~~~~~~~~~~^~~~
D:/PRG/Pac-man/Entities/AI/BehaviorTree.h:84:166: warning: unused parameter 'staticComp' [-Wunused-parameter]
   84 |     NodeStatus Tick(int entityID, const PositionComponent& position, MovementComponent& movement, AIComponent &Ai, const TypeComponent& type, StaticEntityComponent& staticComp, Blackboard& bb) override {
      |                                                                                                                                               ~~~~~~~~~~~~~~~~~~~~~~~^~~~~~~~~~
D:/PRG/Pac-man/Entities/AI/BehaviorTree.h: In member function 'virtual NodeStatus FindPathNode::Tick(int, const PositionComponent&, MovementComponent&, AIComponent&, const TypeComponent&, StaticEntityComponent&, Blackboard&)':
D:/PRG/Pac-man/Entities/AI/BehaviorTree.h:123:25: warning: unused parameter 'entityID' [-Wunused-parameter]
  123 |     NodeStatus Tick(int entityID, const PositionComponent& position, MovementComponent& movement, AIComponent &Ai, const TypeComponent& type, StaticEntityComponent& staticComp, Blackboard& bb) override {
      |                     ~~~~^~~~~~~~
D:/PRG/Pac-man/Entities/AI/BehaviorTree.h:123:137: warning: unused parameter 'type' [-Wunused-parameter]
  123 |     NodeStatus Tick(int entityID, const PositionComponent& position, MovementComponent& movement, AIComponent &Ai, const TypeComponent& type, StaticEntityComponent& staticComp, Blackboard& bb) override {
      |                                                                                                                    ~~~~~~~~~~~~~~~~~~~~~^~~~
D:/PRG/Pac-man/Entities/AI/BehaviorTree.h:123:166: warning: unused parameter 'staticComp' [-Wunused-parameter]
  123 |     NodeStatus Tick(int entityID, const PositionComponent& position, MovementComponent& movement, AIComponent &Ai, const TypeComponent& type, StaticEntityComponent& staticComp, Blackboard& bb) override {
      |                                                                                                                                               ~~~~~~~~~~~~~~~~~~~~~~~^~~~~~~~~~
D:/PRG/Pac-man/Entities/AI/BehaviorTree.h: In member function 'virtual NodeStatus JunctionDesitionNode::Tick(int, const PositionComponent&, MovementComponent&, AIComponent&, const TypeComponent&, StaticEntityComponent&, Blackboard&)':
D:/PRG/Pac-man/Entities/AI/BehaviorTree.h:152:25: warning: unused parameter 'entityID' [-Wunused-parameter]
  152 |     NodeStatus Tick(int entityID, const PositionComponent& position, MovementComponent& movement, AIComponent &Ai, const TypeComponent& type, StaticEntityComponent& staticComp, Blackboard& bb) override {
      |                     ~~~~^~~~~~~~
D:/PRG/Pac-man/Entities/AI/BehaviorTree.h:152:137: warning: unused parameter 'type' [-Wunused-parameter]
  152 |     NodeStatus Tick(int entityID, const PositionComponent& position, MovementComponent& movement, AIComponent &Ai, const TypeComponent& type, StaticEntityComponent& staticComp, Blackboard& bb) override {
      |                                                                                                                    ~~~~~~~~~~~~~~~~~~~~~^~~~
D:/PRG/Pac-man/Entities/AI/BehaviorTree.h:152:166: warning: unused parameter 'staticComp' [-Wunused-parameter]
  152 |     NodeStatus Tick(int entityID, const PositionComponent& position, MovementComponent& movement, AIComponent &Ai, const TypeComponent& type, StaticEntityComponent& staticComp, Blackboard& bb) override {
      |                                                                                                                                               ~~~~~~~~~~~~~~~~~~~~~~~^~~~~~~~~~
D:/PRG/Pac-man/Entities/AI/BehaviorTree.h: In member function 'virtual NodeStatus PredictPlayersTurn::Tick(int, const PositionComponent&, MovementComponent&, AIComponent&, const TypeComponent&, StaticEntityComponent&, Blackboard&)':
D:/PRG/Pac-man/Entities/AI/BehaviorTree.h:235:25: warning: unused parameter 'entityID' [-Wunused-parameter]
  235 |     NodeStatus Tick(int entityID, const PositionComponent& position, MovementComponent& movement, AIComponent &Ai, const TypeComponent& type, StaticEntityComponent& staticComp, Blackboard& bb) override {
      |                     ~~~~^~~~~~~~
D:/PRG/Pac-man/Entities/AI/BehaviorTree.h:235:112: warning: unused parameter 'Ai' [-Wunused-parameter]
  235 |     NodeStatus Tick(int entityID, const PositionComponent& position, MovementComponent& movement, AIComponent &Ai, const TypeComponent& type, StaticEntityComponent& staticComp, Blackboard& bb) override {
      |                                                                                                   ~~~~~~~~~~~~~^~
D:/PRG/Pac-man/Entities/AI/BehaviorTree.h:235:137: warning: unused parameter 'type' [-Wunused-parameter]
  235 |     NodeStatus Tick(int entityID, const PositionComponent& position, MovementComponent& movement, AIComponent &Ai, const TypeComponent& type, StaticEntityComponent& staticComp, Blackboard& bb) override {
      |                                                                                                                    ~~~~~~~~~~~~~~~~~~~~~^~~~
D:/PRG/Pac-man/Entities/AI/BehaviorTree.h:235:166: warning: unused parameter 'staticComp' [-Wunused-parameter]
  235 |     NodeStatus Tick(int entityID, const PositionComponent& position, MovementComponent& movement, AIComponent &Ai, const TypeComponent& type, StaticEntityComponent& staticComp, Blackboard& bb) override {
      |                                                                                                                                               ~~~~~~~~~~~~~~~~~~~~~~~^~~~~~~~~~
D:/PRG/Pac-man/Entities/AI/BehaviorTree.h:235:190: warning: unused parameter 'bb' [-Wunused-parameter]
  235 |     NodeStatus Tick(int entityID, const PositionComponent& position, MovementComponent& movement, AIComponent &Ai, const TypeComponent& type, StaticEntityComponent& staticComp, Blackboard& bb) override {
      |                                                                                                                                                                                  ~~~~~~~~~~~~^~
D:/PRG/Pac-man/Entities/AI/BehaviorTree.h: In member function 'virtual NodeStatus ClaymoreTriggerNode::Tick(int, const PositionComponent&, MovementComponent&, AIComponent&, const TypeComponent&, StaticEntityComponent&, Blackboard&)':
D:/PRG/Pac-man/Entities/AI/BehaviorTree.h:250:112: warning: unused parameter 'Ai' [-Wunused-parameter]
  250 |     NodeStatus Tick(int entityID, const PositionComponent& position, MovementComponent& movement, AIComponent &Ai, const TypeComponent& type, StaticEntityComponent& staticComp, Blackboard& bb) override {
      |                                                                                                   ~~~~~~~~~~~~~^~
D:/PRG/Pac-man/Entities/AI/BehaviorTree.h:250:137: warning: unused parameter 'type' [-Wunused-parameter]
  250 |     NodeStatus Tick(int entityID, const PositionComponent& position, MovementComponent& movement, AIComponent &Ai, const TypeComponent& type, StaticEntityComponent& staticComp, Blackboard& bb) override {
      |                                                                                                                    ~~~~~~~~~~~~~~~~~~~~~^~~~
D:/PRG/Pac-man/Entities/AI/BehaviorTree.h:250:166: warning: unused parameter 'staticComp' [-Wunused-parameter]
  250 |     NodeStatus Tick(int entityID, const PositionComponent& position, MovementComponent& movement, AIComponent &Ai, const TypeComponent& type, StaticEntityComponent& staticComp, Blackboard& bb) override {
      |                                                                                                                                               ~~~~~~~~~~~~~~~~~~~~~~~^~~~~~~~~~
D:/PRG/Pac-man/Entities/AI/BehaviorTree.h: In member function 'virtual NodeStatus WallChargeDetonateNode::Tick(int, const PositionComponent&, MovementComponent&, AIComponent&, const TypeComponent&, StaticEntityComponent&, Blackboard&)':
D:/PRG/Pac-man/Entities/AI/BehaviorTree.h:290:89: warning: unused parameter 'movement' [-Wunused-parameter]
  290 |     NodeStatus Tick(int entityID, const PositionComponent& position, MovementComponent& movement, AIComponent &Ai, const TypeComponent& type, StaticEntityComponent& staticComp, Blackboard& bb) override {
      |                                                                      ~~~~~~~~~~~~~~~~~~~^~~~~~~~
D:/PRG/Pac-man/Entities/AI/BehaviorTree.h:290:112: warning: unused parameter 'Ai' [-Wunused-parameter]
  290 |     NodeStatus Tick(int entityID, const PositionComponent& position, MovementComponent& movement, AIComponent &Ai, const TypeComponent& type, StaticEntityComponent& staticComp, Blackboard& bb) override {
      |                                                                                                   ~~~~~~~~~~~~~^~
D:/PRG/Pac-man/Entities/AI/BehaviorTree.h:290:137: warning: unused parameter 'type' [-Wunused-parameter]
  290 |     NodeStatus Tick(int entityID, const PositionComponent& position, MovementComponent& movement, AIComponent &Ai, const TypeComponent& type, StaticEntityComponent& staticComp, Blackboard& bb) override {
      |                                                                                                                    ~~~~~~~~~~~~~~~~~~~~~^~~~
[7/13] Building CXX object CMakeFiles/Pac-Man.dir/Entities/Pathfinding/Pathfinding.cpp.obj
D:/PRG/Pac-man/Entities/Pathfinding/Pathfinding.cpp: In static member function 'static Grid Grid::GenerateGrid(std::vector<std::vector<TileData> >*)':
D:/PRG/Pac-man/Entities/Pathfinding/Pathfinding.cpp:17:26: warning: comparison of integer expressions of different signedness: 'int' and 'std::vector<std::vector<TileData> >::size_type' {aka 'long long unsigned int'} [-Wsign-compare]
   17 |         for(int y = 0; y < level->size(); y++){
      |                        ~~^~~~~~~~~~~~~~~
D:/PRG/Pac-man/Entities/Pathfinding/Pathfinding.cpp:18:30: warning: comparison of integer expressions of different signedness: 'int' and 'std::vector<std::vector<TileData> >::size_type' {aka 'long long unsigned int'} [-Wsign-compare]
   18 |             for(int x = 0; x < level[0].size(); x++){
      |                            ~~^~~~~~~~~~~~~~~~~
D:/PRG/Pac-man/Entities/Pathfinding/Pathfinding.cpp: In static member function 'static std::vector<Cell*> APAthFinding::FindNeighbors(Cell*, Grid*)':
D:/PRG/Pac-man/Entities/Pathfinding/Pathfinding.cpp:76:23: warning: comparison of integer expressions of different signedness: 'int' and 'std::vector<Cell>::size_type' {aka 'long long unsigned int'} [-Wsign-compare]
   76 |             && checkX < grid->cells[0].size()
      |                ~~~~~~~^~~~~~~~~~~~~~~~~~~~~~~
D:/PRG/Pac-man/Entities/Pathfinding/Pathfinding.cpp:78:23: warning: comparison of integer expressions of different signedness: 'int' and 'std::vector<std::vector<Cell> >::size_type' {aka 'long long unsigned int'} [-Wsign-compare]
   78 |             && checkY < grid->cells.size()
      |                ~~~~~~~^~~~~~~~~~~~~~~~~~~~
[8/13] Building CXX object CMakeFiles/Pac-Man.dir/GUI/Windows/PauseMenu.cpp.obj
FAILED: [code=1] CMakeFiles/Pac-Man.dir/GUI/Windows/PauseMenu.cpp.obj 
C:\stuff\mSYS2\mingw64\bin\g++.exe  -ID:/PRG/Pac-man/src/SDL_Lib/include -ID:/PRG/Pac-man/src/TTF_Lib/include -ID:/PRG/Pac-man/src/SDL_Image/include -std=c++17 -Wall -Wextra -Wpedantic -MD -MT CMakeFiles/Pac-Man.dir/GUI/Windows/PauseMenu.cpp.obj -MF CMakeFiles\Pac-Man.dir\GUI\Windows\PauseMenu.cpp.obj.d -o CMakeFiles/Pac-Man.dir/GUI/Windows/PauseMenu.cpp.obj -c D:/PRG/Pac-man/GUI/Windows/PauseMenu.cpp
In file included from D:/PRG/Pac-man/GUI/Windows/GUI.h:14,
                 from D:/PRG/Pac-man/GUI/Windows/PauseMenu.h:3,
                 from D:/PRG/Pac-man/GUI/Windows/PauseMenu.cpp:1:
D:/PRG/Pac-man/GUI/Elements/GUIElement.h: In member function 'virtual void GUIElement::DrawElement(SDL_Renderer*)':
D:/PRG/Pac-man/GUI/Elements/GUIElement.h:32:44: warning: unused parameter 'renderer' [-Wunused-parameter]
   32 |     virtual void DrawElement(SDL_Renderer *renderer){};
      |                              ~~~~~~~~~~~~~~^~~~~~~~
D:/PRG/Pac-man/GUI/Windows/GUI.h: In member function 'virtual SDL_AppResult GUI::HandleEvents(SDL_Event*)':
D:/PRG/Pac-man/GUI/Windows/GUI.h:38:58: warning: no return statement in function returning non-void [-Wreturn-type]
   38 |     virtual SDL_AppResult HandleEvents(SDL_Event *Event){};
      |                                                          ^
D:/PRG/Pac-man/GUI/Windows/GUI.h:38:51: warning: unused parameter 'Event' [-Wunused-parameter]
   38 |     virtual SDL_AppResult HandleEvents(SDL_Event *Event){};
      |                                        ~~~~~~~~~~~^~~~~
In file included from D:/PRG/Pac-man/Entities/GameManager.h:7,
                 from D:/PRG/Pac-man/GUI/Windows/GameMenu.h:6,
                 from D:/PRG/Pac-man/GUI/Windows/PauseMenu.h:4:
D:/PRG/Pac-man/Entities/EntityManager.h: At global scope:
D:/PRG/Pac-man/Entities/EntityManager.h:81:61: error: 'EntityType' has not been declared; did you mean 'EnemyType'?
   81 |     void AddStaticEntity(int x, int y, Direction direction, EntityType entityType, std::unique_ptr<Node> behaviorTree);
      |                                                             ^~~~~~~~~~
      |                                                             EnemyType
In file included from D:/PRG/Pac-man/Entities/EntityFactory.h:2,
                 from D:/PRG/Pac-man/Entities/GameManager.h:8:
D:/PRG/Pac-man/Entities/AI/BehaviorTree.h: In member function 'virtual NodeStatus FindTarget::Tick(int, const PositionComponent&, MovementComponent&, AIComponent&, const TypeComponent&, StaticEntityComponent&, Blackboard&)':
D:/PRG/Pac-man/Entities/AI/BehaviorTree.h:84:25: warning: unused parameter 'entityID' [-Wunused-parameter]
   84 |     NodeStatus Tick(int entityID, const PositionComponent& position, MovementComponent& movement, AIComponent &Ai, const TypeComponent& type, StaticEntityComponent& staticComp, Blackboard& bb) override {
      |                     ~~~~^~~~~~~~
D:/PRG/Pac-man/Entities/AI/BehaviorTree.h:84:112: warning: unused parameter 'Ai' [-Wunused-parameter]
   84 |     NodeStatus Tick(int entityID, const PositionComponent& position, MovementComponent& movement, AIComponent &Ai, const TypeComponent& type, StaticEntityComponent& staticComp, Blackboard& bb) override {
      |                                                                                                   ~~~~~~~~~~~~~^~
D:/PRG/Pac-man/Entities/AI/BehaviorTree.h:84:137: warning: unused parameter 'type' [-Wunused-parameter]
   84 |     NodeStatus Tick(int entityID, const PositionComponent& position, MovementComponent& movement, AIComponent &Ai, const TypeComponent& type, StaticEntityComponent& staticComp, Blackboard& bb) override {
      |                                                                                                                    ~~~~~~~~~~~~~~~~~~~~~^~~~
D:/PRG/Pac-man/Entities/AI/BehaviorTree.h:84:166: warning: unused parameter 'staticComp' [-Wunused-parameter]
   84 |     NodeStatus Tick(int entityID, const PositionComponent& position, MovementComponent& movement, AIComponent &Ai, const TypeComponent& type, StaticEntityComponent& staticComp, Blackboard& bb) override {
      |                                                                                                                                               ~~~~~~~~~~~~~~~~~~~~~~~^~~~~~~~~~
D:/PRG/Pac-man/Entities/AI/BehaviorTree.h: In member function 'virtual NodeStatus FindPathNode::Tick(int, const PositionComponent&, MovementComponent&, AIComponent&, const TypeComponent&, StaticEntityComponent&, Blackboard&)':
D:/PRG/Pac-man/Entities/AI/BehaviorTree.h:123:25: warning: unused parameter 'entityID' [-Wunused-parameter]
  123 |     NodeStatus Tick(int entityID, const PositionComponent& position, MovementComponent& movement, AIComponent &Ai, const TypeComponent& type, StaticEntityComponent& staticComp, Blackboard& bb) override {
      |                     ~~~~^~~~~~~~
D:/PRG/Pac-man/Entities/AI/BehaviorTree.h:123:137: warning: unused parameter 'type' [-Wunused-parameter]
  123 |     NodeStatus Tick(int entityID, const PositionComponent& position, MovementComponent& movement, AIComponent &Ai, const TypeComponent& type, StaticEntityComponent& staticComp, Blackboard& bb) override {
      |                                                                                                                    ~~~~~~~~~~~~~~~~~~~~~^~~~
D:/PRG/Pac-man/Entities/AI/BehaviorTree.h:123:166: warning: unused parameter 'staticComp' [-Wunused-parameter]
  123 |     NodeStatus Tick(int entityID, const PositionComponent& position, MovementComponent& movement, AIComponent &Ai, const TypeComponent& type, StaticEntityComponent& staticComp, Blackboard& bb) override {
      |                                                                                                                                               ~~~~~~~~~~~~~~~~~~~~~~~^~~~~~~~~~
D:/PRG/Pac-man/Entities/AI/BehaviorTree.h: In member function 'virtual NodeStatus JunctionDesitionNode::Tick(int, const PositionComponent&, MovementComponent&, AIComponent&, const TypeComponent&, StaticEntityComponent&, Blackboard&)':
D:/PRG/Pac-man/Entities/AI/BehaviorTree.h:152:25: warning: unused parameter 'entityID' [-Wunused-parameter]
  152 |     NodeStatus Tick(int entityID, const PositionComponent& position, MovementComponent& movement, AIComponent &Ai, const TypeComponent& type, StaticEntityComponent& staticComp, Blackboard& bb) override {
      |                     ~~~~^~~~~~~~
D:/PRG/Pac-man/Entities/AI/BehaviorTree.h:152:137: warning: unused parameter 'type' [-Wunused-parameter]
  152 |     NodeStatus Tick(int entityID, const PositionComponent& position, MovementComponent& movement, AIComponent &Ai, const TypeComponent& type, StaticEntityComponent& staticComp, Blackboard& bb) override {
      |                                                                                                                    ~~~~~~~~~~~~~~~~~~~~~^~~~
D:/PRG/Pac-man/Entities/AI/BehaviorTree.h:152:166: warning: unused parameter 'staticComp' [-Wunused-parameter]
  152 |     NodeStatus Tick(int entityID, const PositionComponent& position, MovementComponent& movement, AIComponent &Ai, const TypeComponent& type, StaticEntityComponent& staticComp, Blackboard& bb) override {
      |                                                                                                                                               ~~~~~~~~~~~~~~~~~~~~~~~^~~~~~~~~~
D:/PRG/Pac-man/Entities/AI/BehaviorTree.h: In member function 'virtual NodeStatus PredictPlayersTurn::Tick(int, const PositionComponent&, MovementComponent&, AIComponent&, const TypeComponent&, StaticEntityComponent&, Blackboard&)':
D:/PRG/Pac-man/Entities/AI/BehaviorTree.h:235:25: warning: unused parameter 'entityID' [-Wunused-parameter]
  235 |     NodeStatus Tick(int entityID, const PositionComponent& position, MovementComponent& movement, AIComponent &Ai, const TypeComponent& type, StaticEntityComponent& staticComp, Blackboard& bb) override {
      |                     ~~~~^~~~~~~~
D:/PRG/Pac-man/Entities/AI/BehaviorTree.h:235:112: warning: unused parameter 'Ai' [-Wunused-parameter]
  235 |     NodeStatus Tick(int entityID, const PositionComponent& position, MovementComponent& movement, AIComponent &Ai, const TypeComponent& type, StaticEntityComponent& staticComp, Blackboard& bb) override {
      |                                                                                                   ~~~~~~~~~~~~~^~
D:/PRG/Pac-man/Entities/AI/BehaviorTree.h:235:137: warning: unused parameter 'type' [-Wunused-parameter]
  235 |     NodeStatus Tick(int entityID, const PositionComponent& position, MovementComponent& movement, AIComponent &Ai, const TypeComponent& type, StaticEntityComponent& staticComp, Blackboard& bb) override {
      |                                                                                                                    ~~~~~~~~~~~~~~~~~~~~~^~~~
D:/PRG/Pac-man/Entities/AI/BehaviorTree.h:235:166: warning: unused parameter 'staticComp' [-Wunused-parameter]
  235 |     NodeStatus Tick(int entityID, const PositionComponent& position, MovementComponent& movement, AIComponent &Ai, const TypeComponent& type, StaticEntityComponent& staticComp, Blackboard& bb) override {
      |                                                                                                                                               ~~~~~~~~~~~~~~~~~~~~~~~^~~~~~~~~~
D:/PRG/Pac-man/Entities/AI/BehaviorTree.h:235:190: warning: unused parameter 'bb' [-Wunused-parameter]
  235 |     NodeStatus Tick(int entityID, const PositionComponent& position, MovementComponent& movement, AIComponent &Ai, const TypeComponent& type, StaticEntityComponent& staticComp, Blackboard& bb) override {
      |                                                                                                                                                                                  ~~~~~~~~~~~~^~
D:/PRG/Pac-man/Entities/AI/BehaviorTree.h: In member function 'virtual NodeStatus ClaymoreTriggerNode::Tick(int, const PositionComponent&, MovementComponent&, AIComponent&, const TypeComponent&, StaticEntityComponent&, Blackboard&)':
D:/PRG/Pac-man/Entities/AI/BehaviorTree.h:250:112: warning: unused parameter 'Ai' [-Wunused-parameter]
  250 |     NodeStatus Tick(int entityID, const PositionComponent& position, MovementComponent& movement, AIComponent &Ai, const TypeComponent& type, StaticEntityComponent& staticComp, Blackboard& bb) override {
      |                                                                                                   ~~~~~~~~~~~~~^~
D:/PRG/Pac-man/Entities/AI/BehaviorTree.h:250:137: warning: unused parameter 'type' [-Wunused-parameter]
  250 |     NodeStatus Tick(int entityID, const PositionComponent& position, MovementComponent& movement, AIComponent &Ai, const TypeComponent& type, StaticEntityComponent& staticComp, Blackboard& bb) override {
      |                                                                                                                    ~~~~~~~~~~~~~~~~~~~~~^~~~
D:/PRG/Pac-man/Entities/AI/BehaviorTree.h:250:166: warning: unused parameter 'staticComp' [-Wunused-parameter]
  250 |     NodeStatus Tick(int entityID, const PositionComponent& position, MovementComponent& movement, AIComponent &Ai, const TypeComponent& type, StaticEntityComponent& staticComp, Blackboard& bb) override {
      |                                                                                                                                               ~~~~~~~~~~~~~~~~~~~~~~~^~~~~~~~~~
D:/PRG/Pac-man/Entities/AI/BehaviorTree.h: In member function 'virtual NodeStatus WallChargeDetonateNode::Tick(int, const PositionComponent&, MovementComponent&, AIComponent&, const TypeComponent&, StaticEntityComponent&, Blackboard&)':
D:/PRG/Pac-man/Entities/AI/BehaviorTree.h:290:89: warning: unused parameter 'movement' [-Wunused-parameter]
  290 |     NodeStatus Tick(int entityID, const PositionComponent& position, MovementComponent& movement, AIComponent &Ai, const TypeComponent& type, StaticEntityComponent& staticComp, Blackboard& bb) override {
      |                                                                      ~~~~~~~~~~~~~~~~~~~^~~~~~~~
D:/PRG/Pac-man/Entities/AI/BehaviorTree.h:290:112: warning: unused parameter 'Ai' [-Wunused-parameter]
  290 |     NodeStatus Tick(int entityID, const PositionComponent& position, MovementComponent& movement, AIComponent &Ai, const TypeComponent& type, StaticEntityComponent& staticComp, Blackboard& bb) override {
      |                                                                                                   ~~~~~~~~~~~~~^~
D:/PRG/Pac-man/Entities/AI/BehaviorTree.h:290:137: warning: unused parameter 'type' [-Wunused-parameter]
  290 |     NodeStatus Tick(int entityID, const PositionComponent& position, MovementComponent& movement, AIComponent &Ai, const TypeComponent& type, StaticEntityComponent& staticComp, Blackboard& bb) override {
      |                                                                                                                    ~~~~~~~~~~~~~~~~~~~~~^~~~
[9/13] Building CXX object CMakeFiles/Pac-Man.dir/Entities/Player.cpp.obj
FAILED: [code=1] CMakeFiles/Pac-Man.dir/Entities/Player.cpp.obj 
C:\stuff\mSYS2\mingw64\bin\g++.exe  -ID:/PRG/Pac-man/src/SDL_Lib/include -ID:/PRG/Pac-man/src/TTF_Lib/include -ID:/PRG/Pac-man/src/SDL_Image/include -std=c++17 -Wall -Wextra -Wpedantic -MD -MT CMakeFiles/Pac-Man.dir/Entities/Player.cpp.obj -MF CMakeFiles\Pac-Man.dir\Entities\Player.cpp.obj.d -o CMakeFiles/Pac-Man.dir/Entities/Player.cpp.obj -c D:/PRG/Pac-man/Entities/Player.cpp
In file included from D:/PRG/Pac-man/Entities/AI/BehaviorTree.h:13,
                 from D:/PRG/Pac-man/Entities/EntityFactory.h:2,
                 from D:/PRG/Pac-man/Entities/Player.cpp:3:
D:/PRG/Pac-man/Entities/EntityManager.h:81:61: error: 'EntityType' has not been declared; did you mean 'EnemyType'?
   81 |     void AddStaticEntity(int x, int y, Direction direction, EntityType entityType, std::unique_ptr<Node> behaviorTree);
      |                                                             ^~~~~~~~~~
      |                                                             EnemyType
D:/PRG/Pac-man/Entities/AI/BehaviorTree.h: In member function 'virtual NodeStatus FindTarget::Tick(int, const PositionComponent&, MovementComponent&, AIComponent&, const TypeComponent&, StaticEntityComponent&, Blackboard&)':
D:/PRG/Pac-man/Entities/AI/BehaviorTree.h:84:25: warning: unused parameter 'entityID' [-Wunused-parameter]
   84 |     NodeStatus Tick(int entityID, const PositionComponent& position, MovementComponent& movement, AIComponent &Ai, const TypeComponent& type, StaticEntityComponent& staticComp, Blackboard& bb) override {
      |                     ~~~~^~~~~~~~
D:/PRG/Pac-man/Entities/AI/BehaviorTree.h:84:112: warning: unused parameter 'Ai' [-Wunused-parameter]
   84 |     NodeStatus Tick(int entityID, const PositionComponent& position, MovementComponent& movement, AIComponent &Ai, const TypeComponent& type, StaticEntityComponent& staticComp, Blackboard& bb) override {
      |                                                                                                   ~~~~~~~~~~~~~^~
D:/PRG/Pac-man/Entities/AI/BehaviorTree.h:84:137: warning: unused parameter 'type' [-Wunused-parameter]
   84 |     NodeStatus Tick(int entityID, const PositionComponent& position, MovementComponent& movement, AIComponent &Ai, const TypeComponent& type, StaticEntityComponent& staticComp, Blackboard& bb) override {
      |                                                                                                                    ~~~~~~~~~~~~~~~~~~~~~^~~~
D:/PRG/Pac-man/Entities/AI/BehaviorTree.h:84:166: warning: unused parameter 'staticComp' [-Wunused-parameter]
   84 |     NodeStatus Tick(int entityID, const PositionComponent& position, MovementComponent& movement, AIComponent &Ai, const TypeComponent& type, StaticEntityComponent& staticComp, Blackboard& bb) override {
      |                                                                                                                                               ~~~~~~~~~~~~~~~~~~~~~~~^~~~~~~~~~
D:/PRG/Pac-man/Entities/AI/BehaviorTree.h: In member function 'virtual NodeStatus FindPathNode::Tick(int, const PositionComponent&, MovementComponent&, AIComponent&, const TypeComponent&, StaticEntityComponent&, Blackboard&)':
D:/PRG/Pac-man/Entities/AI/BehaviorTree.h:123:25: warning: unused parameter 'entityID' [-Wunused-parameter]
  123 |     NodeStatus Tick(int entityID, const PositionComponent& position, MovementComponent& movement, AIComponent &Ai, const TypeComponent& type, StaticEntityComponent& staticComp, Blackboard& bb) override {
      |                     ~~~~^~~~~~~~
D:/PRG/Pac-man/Entities/AI/BehaviorTree.h:123:137: warning: unused parameter 'type' [-Wunused-parameter]
  123 |     NodeStatus Tick(int entityID, const PositionComponent& position, MovementComponent& movement, AIComponent &Ai, const TypeComponent& type, StaticEntityComponent& staticComp, Blackboard& bb) override {
      |                                                                                                                    ~~~~~~~~~~~~~~~~~~~~~^~~~
D:/PRG/Pac-man/Entities/AI/BehaviorTree.h:123:166: warning: unused parameter 'staticComp' [-Wunused-parameter]
  123 |     NodeStatus Tick(int entityID, const PositionComponent& position, MovementComponent& movement, AIComponent &Ai, const TypeComponent& type, StaticEntityComponent& staticComp, Blackboard& bb) override {
      |                                                                                                                                               ~~~~~~~~~~~~~~~~~~~~~~~^~~~~~~~~~
D:/PRG/Pac-man/Entities/AI/BehaviorTree.h: In member function 'virtual NodeStatus JunctionDesitionNode::Tick(int, const PositionComponent&, MovementComponent&, AIComponent&, const TypeComponent&, StaticEntityComponent&, Blackboard&)':
D:/PRG/Pac-man/Entities/AI/BehaviorTree.h:152:25: warning: unused parameter 'entityID' [-Wunused-parameter]
  152 |     NodeStatus Tick(int entityID, const PositionComponent& position, MovementComponent& movement, AIComponent &Ai, const TypeComponent& type, StaticEntityComponent& staticComp, Blackboard& bb) override {
      |                     ~~~~^~~~~~~~
D:/PRG/Pac-man/Entities/AI/BehaviorTree.h:152:137: warning: unused parameter 'type' [-Wunused-parameter]
  152 |     NodeStatus Tick(int entityID, const PositionComponent& position, MovementComponent& movement, AIComponent &Ai, const TypeComponent& type, StaticEntityComponent& staticComp, Blackboard& bb) override {
      |                                                                                                                    ~~~~~~~~~~~~~~~~~~~~~^~~~
D:/PRG/Pac-man/Entities/AI/BehaviorTree.h:152:166: warning: unused parameter 'staticComp' [-Wunused-parameter]
  152 |     NodeStatus Tick(int entityID, const PositionComponent& position, MovementComponent& movement, AIComponent &Ai, const TypeComponent& type, StaticEntityComponent& staticComp, Blackboard& bb) override {
      |                                                                                                                                               ~~~~~~~~~~~~~~~~~~~~~~~^~~~~~~~~~
D:/PRG/Pac-man/Entities/AI/BehaviorTree.h: In member function 'virtual NodeStatus PredictPlayersTurn::Tick(int, const PositionComponent&, MovementComponent&, AIComponent&, const TypeComponent&, StaticEntityComponent&, Blackboard&)':
D:/PRG/Pac-man/Entities/AI/BehaviorTree.h:235:25: warning: unused parameter 'entityID' [-Wunused-parameter]
  235 |     NodeStatus Tick(int entityID, const PositionComponent& position, MovementComponent& movement, AIComponent &Ai, const TypeComponent& type, StaticEntityComponent& staticComp, Blackboard& bb) override {
      |                     ~~~~^~~~~~~~
D:/PRG/Pac-man/Entities/AI/BehaviorTree.h:235:112: warning: unused parameter 'Ai' [-Wunused-parameter]
  235 |     NodeStatus Tick(int entityID, const PositionComponent& position, MovementComponent& movement, AIComponent &Ai, const TypeComponent& type, StaticEntityComponent& staticComp, Blackboard& bb) override {
      |                                                                                                   ~~~~~~~~~~~~~^~
D:/PRG/Pac-man/Entities/AI/BehaviorTree.h:235:137: warning: unused parameter 'type' [-Wunused-parameter]
  235 |     NodeStatus Tick(int entityID, const PositionComponent& position, MovementComponent& movement, AIComponent &Ai, const TypeComponent& type, StaticEntityComponent& staticComp, Blackboard& bb) override {
      |                                                                                                                    ~~~~~~~~~~~~~~~~~~~~~^~~~
D:/PRG/Pac-man/Entities/AI/BehaviorTree.h:235:166: warning: unused parameter 'staticComp' [-Wunused-parameter]
  235 |     NodeStatus Tick(int entityID, const PositionComponent& position, MovementComponent& movement, AIComponent &Ai, const TypeComponent& type, StaticEntityComponent& staticComp, Blackboard& bb) override {
      |                                                                                                                                               ~~~~~~~~~~~~~~~~~~~~~~~^~~~~~~~~~
D:/PRG/Pac-man/Entities/AI/BehaviorTree.h:235:190: warning: unused parameter 'bb' [-Wunused-parameter]
  235 |     NodeStatus Tick(int entityID, const PositionComponent& position, MovementComponent& movement, AIComponent &Ai, const TypeComponent& type, StaticEntityComponent& staticComp, Blackboard& bb) override {
      |                                                                                                                                                                                  ~~~~~~~~~~~~^~
D:/PRG/Pac-man/Entities/AI/BehaviorTree.h: In member function 'virtual NodeStatus ClaymoreTriggerNode::Tick(int, const PositionComponent&, MovementComponent&, AIComponent&, const TypeComponent&, StaticEntityComponent&, Blackboard&)':
D:/PRG/Pac-man/Entities/AI/BehaviorTree.h:250:112: warning: unused parameter 'Ai' [-Wunused-parameter]
  250 |     NodeStatus Tick(int entityID, const PositionComponent& position, MovementComponent& movement, AIComponent &Ai, const TypeComponent& type, StaticEntityComponent& staticComp, Blackboard& bb) override {
      |                                                                                                   ~~~~~~~~~~~~~^~
D:/PRG/Pac-man/Entities/AI/BehaviorTree.h:250:137: warning: unused parameter 'type' [-Wunused-parameter]
  250 |     NodeStatus Tick(int entityID, const PositionComponent& position, MovementComponent& movement, AIComponent &Ai, const TypeComponent& type, StaticEntityComponent& staticComp, Blackboard& bb) override {
      |                                                                                                                    ~~~~~~~~~~~~~~~~~~~~~^~~~
D:/PRG/Pac-man/Entities/AI/BehaviorTree.h:250:166: warning: unused parameter 'staticComp' [-Wunused-parameter]
  250 |     NodeStatus Tick(int entityID, const PositionComponent& position, MovementComponent& movement, AIComponent &Ai, const TypeComponent& type, StaticEntityComponent& staticComp, Blackboard& bb) override {
      |                                                                                                                                               ~~~~~~~~~~~~~~~~~~~~~~~^~~~~~~~~~
D:/PRG/Pac-man/Entities/AI/BehaviorTree.h: In member function 'virtual NodeStatus WallChargeDetonateNode::Tick(int, const PositionComponent&, MovementComponent&, AIComponent&, const TypeComponent&, StaticEntityComponent&, Blackboard&)':
D:/PRG/Pac-man/Entities/AI/BehaviorTree.h:290:89: warning: unused parameter 'movement' [-Wunused-parameter]
  290 |     NodeStatus Tick(int entityID, const PositionComponent& position, MovementComponent& movement, AIComponent &Ai, const TypeComponent& type, StaticEntityComponent& staticComp, Blackboard& bb) override {
      |                                                                      ~~~~~~~~~~~~~~~~~~~^~~~~~~~
D:/PRG/Pac-man/Entities/AI/BehaviorTree.h:290:112: warning: unused parameter 'Ai' [-Wunused-parameter]
  290 |     NodeStatus Tick(int entityID, const PositionComponent& position, MovementComponent& movement, AIComponent &Ai, const TypeComponent& type, StaticEntityComponent& staticComp, Blackboard& bb) override {
      |                                                                                                   ~~~~~~~~~~~~~^~
D:/PRG/Pac-man/Entities/AI/BehaviorTree.h:290:137: warning: unused parameter 'type' [-Wunused-parameter]
  290 |     NodeStatus Tick(int entityID, const PositionComponent& position, MovementComponent& movement, AIComponent &Ai, const TypeComponent& type, StaticEntityComponent& staticComp, Blackboard& bb) override {
      |                                                                                                                    ~~~~~~~~~~~~~~~~~~~~~^~~~
[10/13] Building CXX object CMakeFiles/Pac-Man.dir/GUI/Windows/GameMenu.cpp.obj
FAILED: [code=1] CMakeFiles/Pac-Man.dir/GUI/Windows/GameMenu.cpp.obj 
C:\stuff\mSYS2\mingw64\bin\g++.exe  -ID:/PRG/Pac-man/src/SDL_Lib/include -ID:/PRG/Pac-man/src/TTF_Lib/include -ID:/PRG/Pac-man/src/SDL_Image/include -std=c++17 -Wall -Wextra -Wpedantic -MD -MT CMakeFiles/Pac-Man.dir/GUI/Windows/GameMenu.cpp.obj -MF CMakeFiles\Pac-Man.dir\GUI\Windows\GameMenu.cpp.obj.d -o CMakeFiles/Pac-Man.dir/GUI/Windows/GameMenu.cpp.obj -c D:/PRG/Pac-man/GUI/Windows/GameMenu.cpp
In file included from D:/PRG/Pac-man/GUI/Windows/GUI.h:14,
                 from D:/PRG/Pac-man/GUI/Windows/GameMenu.h:2,
                 from D:/PRG/Pac-man/GUI/Windows/GameMenu.cpp:1:
D:/PRG/Pac-man/GUI/Elements/GUIElement.h: In member function 'virtual void GUIElement::DrawElement(SDL_Renderer*)':
D:/PRG/Pac-man/GUI/Elements/GUIElement.h:32:44: warning: unused parameter 'renderer' [-Wunused-parameter]
   32 |     virtual void DrawElement(SDL_Renderer *renderer){};
      |                              ~~~~~~~~~~~~~~^~~~~~~~
D:/PRG/Pac-man/GUI/Windows/GUI.h: In member function 'virtual SDL_AppResult GUI::HandleEvents(SDL_Event*)':
D:/PRG/Pac-man/GUI/Windows/GUI.h:38:58: warning: no return statement in function returning non-void [-Wreturn-type]
   38 |     virtual SDL_AppResult HandleEvents(SDL_Event *Event){};
      |                                                          ^
D:/PRG/Pac-man/GUI/Windows/GUI.h:38:51: warning: unused parameter 'Event' [-Wunused-parameter]
   38 |     virtual SDL_AppResult HandleEvents(SDL_Event *Event){};
      |                                        ~~~~~~~~~~~^~~~~
In file included from D:/PRG/Pac-man/Entities/GameManager.h:7,
                 from D:/PRG/Pac-man/GUI/Windows/GameMenu.h:6:
D:/PRG/Pac-man/Entities/EntityManager.h: At global scope:
D:/PRG/Pac-man/Entities/EntityManager.h:81:61: error: 'EntityType' has not been declared; did you mean 'EnemyType'?
   81 |     void AddStaticEntity(int x, int y, Direction direction, EntityType entityType, std::unique_ptr<Node> behaviorTree);
      |                                                             ^~~~~~~~~~
      |                                                             EnemyType
In file included from D:/PRG/Pac-man/Entities/EntityFactory.h:2,
                 from D:/PRG/Pac-man/Entities/GameManager.h:8:
D:/PRG/Pac-man/Entities/AI/BehaviorTree.h: In member function 'virtual NodeStatus FindTarget::Tick(int, const PositionComponent&, MovementComponent&, AIComponent&, const TypeComponent&, StaticEntityComponent&, Blackboard&)':
D:/PRG/Pac-man/Entities/AI/BehaviorTree.h:84:25: warning: unused parameter 'entityID' [-Wunused-parameter]
   84 |     NodeStatus Tick(int entityID, const PositionComponent& position, MovementComponent& movement, AIComponent &Ai, const TypeComponent& type, StaticEntityComponent& staticComp, Blackboard& bb) override {
      |                     ~~~~^~~~~~~~
D:/PRG/Pac-man/Entities/AI/BehaviorTree.h:84:112: warning: unused parameter 'Ai' [-Wunused-parameter]
   84 |     NodeStatus Tick(int entityID, const PositionComponent& position, MovementComponent& movement, AIComponent &Ai, const TypeComponent& type, StaticEntityComponent& staticComp, Blackboard& bb) override {
      |                                                                                                   ~~~~~~~~~~~~~^~
D:/PRG/Pac-man/Entities/AI/BehaviorTree.h:84:137: warning: unused parameter 'type' [-Wunused-parameter]
   84 |     NodeStatus Tick(int entityID, const PositionComponent& position, MovementComponent& movement, AIComponent &Ai, const TypeComponent& type, StaticEntityComponent& staticComp, Blackboard& bb) override {
      |                                                                                                                    ~~~~~~~~~~~~~~~~~~~~~^~~~
D:/PRG/Pac-man/Entities/AI/BehaviorTree.h:84:166: warning: unused parameter 'staticComp' [-Wunused-parameter]
   84 |     NodeStatus Tick(int entityID, const PositionComponent& position, MovementComponent& movement, AIComponent &Ai, const TypeComponent& type, StaticEntityComponent& staticComp, Blackboard& bb) override {
      |                                                                                                                                               ~~~~~~~~~~~~~~~~~~~~~~~^~~~~~~~~~
D:/PRG/Pac-man/Entities/AI/BehaviorTree.h: In member function 'virtual NodeStatus FindPathNode::Tick(int, const PositionComponent&, MovementComponent&, AIComponent&, const TypeComponent&, StaticEntityComponent&, Blackboard&)':
D:/PRG/Pac-man/Entities/AI/BehaviorTree.h:123:25: warning: unused parameter 'entityID' [-Wunused-parameter]
  123 |     NodeStatus Tick(int entityID, const PositionComponent& position, MovementComponent& movement, AIComponent &Ai, const TypeComponent& type, StaticEntityComponent& staticComp, Blackboard& bb) override {
      |                     ~~~~^~~~~~~~
D:/PRG/Pac-man/Entities/AI/BehaviorTree.h:123:137: warning: unused parameter 'type' [-Wunused-parameter]
  123 |     NodeStatus Tick(int entityID, const PositionComponent& position, MovementComponent& movement, AIComponent &Ai, const TypeComponent& type, StaticEntityComponent& staticComp, Blackboard& bb) override {
      |                                                                                                                    ~~~~~~~~~~~~~~~~~~~~~^~~~
D:/PRG/Pac-man/Entities/AI/BehaviorTree.h:123:166: warning: unused parameter 'staticComp' [-Wunused-parameter]
  123 |     NodeStatus Tick(int entityID, const PositionComponent& position, MovementComponent& movement, AIComponent &Ai, const TypeComponent& type, StaticEntityComponent& staticComp, Blackboard& bb) override {
      |                                                                                                                                               ~~~~~~~~~~~~~~~~~~~~~~~^~~~~~~~~~
D:/PRG/Pac-man/Entities/AI/BehaviorTree.h: In member function 'virtual NodeStatus JunctionDesitionNode::Tick(int, const PositionComponent&, MovementComponent&, AIComponent&, const TypeComponent&, StaticEntityComponent&, Blackboard&)':
D:/PRG/Pac-man/Entities/AI/BehaviorTree.h:152:25: warning: unused parameter 'entityID' [-Wunused-parameter]
  152 |     NodeStatus Tick(int entityID, const PositionComponent& position, MovementComponent& movement, AIComponent &Ai, const TypeComponent& type, StaticEntityComponent& staticComp, Blackboard& bb) override {
      |                     ~~~~^~~~~~~~
D:/PRG/Pac-man/Entities/AI/BehaviorTree.h:152:137: warning: unused parameter 'type' [-Wunused-parameter]
  152 |     NodeStatus Tick(int entityID, const PositionComponent& position, MovementComponent& movement, AIComponent &Ai, const TypeComponent& type, StaticEntityComponent& staticComp, Blackboard& bb) override {
      |                                                                                                                    ~~~~~~~~~~~~~~~~~~~~~^~~~
D:/PRG/Pac-man/Entities/AI/BehaviorTree.h:152:166: warning: unused parameter 'staticComp' [-Wunused-parameter]
  152 |     NodeStatus Tick(int entityID, const PositionComponent& position, MovementComponent& movement, AIComponent &Ai, const TypeComponent& type, StaticEntityComponent& staticComp, Blackboard& bb) override {
      |                                                                                                                                               ~~~~~~~~~~~~~~~~~~~~~~~^~~~~~~~~~
D:/PRG/Pac-man/Entities/AI/BehaviorTree.h: In member function 'virtual NodeStatus PredictPlayersTurn::Tick(int, const PositionComponent&, MovementComponent&, AIComponent&, const TypeComponent&, StaticEntityComponent&, Blackboard&)':
D:/PRG/Pac-man/Entities/AI/BehaviorTree.h:235:25: warning: unused parameter 'entityID' [-Wunused-parameter]
  235 |     NodeStatus Tick(int entityID, const PositionComponent& position, MovementComponent& movement, AIComponent &Ai, const TypeComponent& type, StaticEntityComponent& staticComp, Blackboard& bb) override {
      |                     ~~~~^~~~~~~~
D:/PRG/Pac-man/Entities/AI/BehaviorTree.h:235:112: warning: unused parameter 'Ai' [-Wunused-parameter]
  235 |     NodeStatus Tick(int entityID, const PositionComponent& position, MovementComponent& movement, AIComponent &Ai, const TypeComponent& type, StaticEntityComponent& staticComp, Blackboard& bb) override {
      |                                                                                                   ~~~~~~~~~~~~~^~
D:/PRG/Pac-man/Entities/AI/BehaviorTree.h:235:137: warning: unused parameter 'type' [-Wunused-parameter]
  235 |     NodeStatus Tick(int entityID, const PositionComponent& position, MovementComponent& movement, AIComponent &Ai, const TypeComponent& type, StaticEntityComponent& staticComp, Blackboard& bb) override {
      |                                                                                                                    ~~~~~~~~~~~~~~~~~~~~~^~~~
D:/PRG/Pac-man/Entities/AI/BehaviorTree.h:235:166: warning: unused parameter 'staticComp' [-Wunused-parameter]
  235 |     NodeStatus Tick(int entityID, const PositionComponent& position, MovementComponent& movement, AIComponent &Ai, const TypeComponent& type, StaticEntityComponent& staticComp, Blackboard& bb) override {
      |                                                                                                                                               ~~~~~~~~~~~~~~~~~~~~~~~^~~~~~~~~~
D:/PRG/Pac-man/Entities/AI/BehaviorTree.h:235:190: warning: unused parameter 'bb' [-Wunused-parameter]
  235 |     NodeStatus Tick(int entityID, const PositionComponent& position, MovementComponent& movement, AIComponent &Ai, const TypeComponent& type, StaticEntityComponent& staticComp, Blackboard& bb) override {
      |                                                                                                                                                                                  ~~~~~~~~~~~~^~
D:/PRG/Pac-man/Entities/AI/BehaviorTree.h: In member function 'virtual NodeStatus ClaymoreTriggerNode::Tick(int, const PositionComponent&, MovementComponent&, AIComponent&, const TypeComponent&, StaticEntityComponent&, Blackboard&)':
D:/PRG/Pac-man/Entities/AI/BehaviorTree.h:250:112: warning: unused parameter 'Ai' [-Wunused-parameter]
  250 |     NodeStatus Tick(int entityID, const PositionComponent& position, MovementComponent& movement, AIComponent &Ai, const TypeComponent& type, StaticEntityComponent& staticComp, Blackboard& bb) override {
      |                                                                                                   ~~~~~~~~~~~~~^~
D:/PRG/Pac-man/Entities/AI/BehaviorTree.h:250:137: warning: unused parameter 'type' [-Wunused-parameter]
  250 |     NodeStatus Tick(int entityID, const PositionComponent& position, MovementComponent& movement, AIComponent &Ai, const TypeComponent& type, StaticEntityComponent& staticComp, Blackboard& bb) override {
      |                                                                                                                    ~~~~~~~~~~~~~~~~~~~~~^~~~
D:/PRG/Pac-man/Entities/AI/BehaviorTree.h:250:166: warning: unused parameter 'staticComp' [-Wunused-parameter]
  250 |     NodeStatus Tick(int entityID, const PositionComponent& position, MovementComponent& movement, AIComponent &Ai, const TypeComponent& type, StaticEntityComponent& staticComp, Blackboard& bb) override {
      |                                                                                                                                               ~~~~~~~~~~~~~~~~~~~~~~~^~~~~~~~~~
D:/PRG/Pac-man/Entities/AI/BehaviorTree.h: In member function 'virtual NodeStatus WallChargeDetonateNode::Tick(int, const PositionComponent&, MovementComponent&, AIComponent&, const TypeComponent&, StaticEntityComponent&, Blackboard&)':
D:/PRG/Pac-man/Entities/AI/BehaviorTree.h:290:89: warning: unused parameter 'movement' [-Wunused-parameter]
  290 |     NodeStatus Tick(int entityID, const PositionComponent& position, MovementComponent& movement, AIComponent &Ai, const TypeComponent& type, StaticEntityComponent& staticComp, Blackboard& bb) override {
      |                                                                      ~~~~~~~~~~~~~~~~~~~^~~~~~~~
D:/PRG/Pac-man/Entities/AI/BehaviorTree.h:290:112: warning: unused parameter 'Ai' [-Wunused-parameter]
  290 |     NodeStatus Tick(int entityID, const PositionComponent& position, MovementComponent& movement, AIComponent &Ai, const TypeComponent& type, StaticEntityComponent& staticComp, Blackboard& bb) override {
      |                                                                                                   ~~~~~~~~~~~~~^~
D:/PRG/Pac-man/Entities/AI/BehaviorTree.h:290:137: warning: unused parameter 'type' [-Wunused-parameter]
  290 |     NodeStatus Tick(int entityID, const PositionComponent& position, MovementComponent& movement, AIComponent &Ai, const TypeComponent& type, StaticEntityComponent& staticComp, Blackboard& bb) override {
      |                                                                                                                    ~~~~~~~~~~~~~~~~~~~~~^~~~
ninja: build stopped: subcommand failed.
